Archive member included to satisfy reference by file (symbol)

c:/st/stm32cubeide_1.4.0/stm32cubeide/plugins/com.st.stm32cube.ide.mcu.externaltools.gnu-tools-for-stm32.7-2018-q2-update.win32_1.4.0.202007081208/tools/bin/../lib/gcc/arm-none-eabi/7.3.1/../../../../arm-none-eabi/lib/thumb/v7-m\libc_nano.a(lib_a-errno.o)
                              Src/syscalls.o (__errno)
c:/st/stm32cubeide_1.4.0/stm32cubeide/plugins/com.st.stm32cube.ide.mcu.externaltools.gnu-tools-for-stm32.7-2018-q2-update.win32_1.4.0.202007081208/tools/bin/../lib/gcc/arm-none-eabi/7.3.1/../../../../arm-none-eabi/lib/thumb/v7-m\libc_nano.a(lib_a-exit.o)
                              c:/st/stm32cubeide_1.4.0/stm32cubeide/plugins/com.st.stm32cube.ide.mcu.externaltools.gnu-tools-for-stm32.7-2018-q2-update.win32_1.4.0.202007081208/tools/bin/../lib/gcc/arm-none-eabi/7.3.1/../../../../arm-none-eabi/lib/thumb/v7-m/crt0.o (exit)
c:/st/stm32cubeide_1.4.0/stm32cubeide/plugins/com.st.stm32cube.ide.mcu.externaltools.gnu-tools-for-stm32.7-2018-q2-update.win32_1.4.0.202007081208/tools/bin/../lib/gcc/arm-none-eabi/7.3.1/../../../../arm-none-eabi/lib/thumb/v7-m\libc_nano.a(lib_a-impure.o)
                              c:/st/stm32cubeide_1.4.0/stm32cubeide/plugins/com.st.stm32cube.ide.mcu.externaltools.gnu-tools-for-stm32.7-2018-q2-update.win32_1.4.0.202007081208/tools/bin/../lib/gcc/arm-none-eabi/7.3.1/../../../../arm-none-eabi/lib/thumb/v7-m\libc_nano.a(lib_a-exit.o) (_global_impure_ptr)
c:/st/stm32cubeide_1.4.0/stm32cubeide/plugins/com.st.stm32cube.ide.mcu.externaltools.gnu-tools-for-stm32.7-2018-q2-update.win32_1.4.0.202007081208/tools/bin/../lib/gcc/arm-none-eabi/7.3.1/../../../../arm-none-eabi/lib/thumb/v7-m\libc_nano.a(lib_a-init.o)
                              c:/st/stm32cubeide_1.4.0/stm32cubeide/plugins/com.st.stm32cube.ide.mcu.externaltools.gnu-tools-for-stm32.7-2018-q2-update.win32_1.4.0.202007081208/tools/bin/../lib/gcc/arm-none-eabi/7.3.1/../../../../arm-none-eabi/lib/thumb/v7-m/crt0.o (__libc_init_array)
c:/st/stm32cubeide_1.4.0/stm32cubeide/plugins/com.st.stm32cube.ide.mcu.externaltools.gnu-tools-for-stm32.7-2018-q2-update.win32_1.4.0.202007081208/tools/bin/../lib/gcc/arm-none-eabi/7.3.1/../../../../arm-none-eabi/lib/thumb/v7-m\libc_nano.a(lib_a-memset.o)
                              c:/st/stm32cubeide_1.4.0/stm32cubeide/plugins/com.st.stm32cube.ide.mcu.externaltools.gnu-tools-for-stm32.7-2018-q2-update.win32_1.4.0.202007081208/tools/bin/../lib/gcc/arm-none-eabi/7.3.1/../../../../arm-none-eabi/lib/thumb/v7-m/crt0.o (memset)

Allocating common symbols
Common symbol       size              file

PinCfg              0x4               HAL/lcd.o
ch                  0x1               Src/main.o
GP_IRQ_CallBack     0x3c              MCAL/EXTI/Stm32_F103C6_EXTI_driver.o

Discarded input sections

 .text          0x0000000000000000        0x0 c:/st/stm32cubeide_1.4.0/stm32cubeide/plugins/com.st.stm32cube.ide.mcu.externaltools.gnu-tools-for-stm32.7-2018-q2-update.win32_1.4.0.202007081208/tools/bin/../lib/gcc/arm-none-eabi/7.3.1/thumb/v7-m/crti.o
 .data          0x0000000000000000        0x0 c:/st/stm32cubeide_1.4.0/stm32cubeide/plugins/com.st.stm32cube.ide.mcu.externaltools.gnu-tools-for-stm32.7-2018-q2-update.win32_1.4.0.202007081208/tools/bin/../lib/gcc/arm-none-eabi/7.3.1/thumb/v7-m/crti.o
 .bss           0x0000000000000000        0x0 c:/st/stm32cubeide_1.4.0/stm32cubeide/plugins/com.st.stm32cube.ide.mcu.externaltools.gnu-tools-for-stm32.7-2018-q2-update.win32_1.4.0.202007081208/tools/bin/../lib/gcc/arm-none-eabi/7.3.1/thumb/v7-m/crti.o
 .data          0x0000000000000000        0x4 c:/st/stm32cubeide_1.4.0/stm32cubeide/plugins/com.st.stm32cube.ide.mcu.externaltools.gnu-tools-for-stm32.7-2018-q2-update.win32_1.4.0.202007081208/tools/bin/../lib/gcc/arm-none-eabi/7.3.1/thumb/v7-m/crtbegin.o
 .text          0x0000000000000000       0x74 c:/st/stm32cubeide_1.4.0/stm32cubeide/plugins/com.st.stm32cube.ide.mcu.externaltools.gnu-tools-for-stm32.7-2018-q2-update.win32_1.4.0.202007081208/tools/bin/../lib/gcc/arm-none-eabi/7.3.1/../../../../arm-none-eabi/lib/thumb/v7-m/crt0.o
 .data          0x0000000000000000        0x0 c:/st/stm32cubeide_1.4.0/stm32cubeide/plugins/com.st.stm32cube.ide.mcu.externaltools.gnu-tools-for-stm32.7-2018-q2-update.win32_1.4.0.202007081208/tools/bin/../lib/gcc/arm-none-eabi/7.3.1/../../../../arm-none-eabi/lib/thumb/v7-m/crt0.o
 .bss           0x0000000000000000        0x0 c:/st/stm32cubeide_1.4.0/stm32cubeide/plugins/com.st.stm32cube.ide.mcu.externaltools.gnu-tools-for-stm32.7-2018-q2-update.win32_1.4.0.202007081208/tools/bin/../lib/gcc/arm-none-eabi/7.3.1/../../../../arm-none-eabi/lib/thumb/v7-m/crt0.o
 .ARM.extab     0x0000000000000000        0x0 c:/st/stm32cubeide_1.4.0/stm32cubeide/plugins/com.st.stm32cube.ide.mcu.externaltools.gnu-tools-for-stm32.7-2018-q2-update.win32_1.4.0.202007081208/tools/bin/../lib/gcc/arm-none-eabi/7.3.1/../../../../arm-none-eabi/lib/thumb/v7-m/crt0.o
[...]
Memory Configuration

Name             Origin             Length             Attributes
RAM              0x0000000020000000 0x0000000000002800 xrw
ROM              0x0000000008000000 0x0000000000008000 xr
*default*        0x0000000000000000 0xffffffffffffffff

Linker script and memory map

LOAD c:/st/stm32cubeide_1.4.0/stm32cubeide/plugins/com.st.stm32cube.ide.mcu.externaltools.gnu-tools-for-stm32.7-2018-q2-update.win32_1.4.0.202007081208/tools/bin/../lib/gcc/arm-none-eabi/7.3.1/thumb/v7-m/crti.o
LOAD c:/st/stm32cubeide_1.4.0/stm32cubeide/plugins/com.st.stm32cube.ide.mcu.externaltools.gnu-tools-for-stm32.7-2018-q2-update.win32_1.4.0.202007081208/tools/bin/../lib/gcc/arm-none-eabi/7.3.1/thumb/v7-m/crtbegin.o
LOAD c:/st/stm32cubeide_1.4.0/stm32cubeide/plugins/com.st.stm32cube.ide.mcu.externaltools.gnu-tools-for-stm32.7-2018-q2-update.win32_1.4.0.202007081208/tools/bin/../lib/gcc/arm-none-eabi/7.3.1/../../../../arm-none-eabi/lib/thumb/v7-m/crt0.o
LOAD HAL/keypad.o
LOAD HAL/lcd.o
LOAD MCAL/EXTI/Stm32_F103C6_EXTI_driver.o
LOAD MCAL/GPIO/Stm32_F103C6_gpio_driver.o
LOAD MCAL/RCC/Stm32_F103C6_RCC_driver.o
LOAD MCAL/USART/Stm32_F103C6_USART_driver.o
LOAD Src/main.o
LOAD Src/syscalls.o
LOAD Src/sysmem.o
LOAD Startup/startup_stm32f103c6tx.o
START GROUP
LOAD c:/st/stm32cubeide_1.4.0/stm32cubeide/plugins/com.st.stm32cube.ide.mcu.externaltools.gnu-tools-for-stm32.7-2018-q2-update.win32_1.4.0.202007081208/tools/bin/../lib/gcc/arm-none-eabi/7.3.1/../../../../arm-none-eabi/lib/thumb/v7-m\libc_nano.a
LOAD c:/st/stm32cubeide_1.4.0/stm32cubeide/plugins/com.st.stm32cube.ide.mcu.externaltools.gnu-tools-for-stm32.7-2018-q2-update.win32_1.4.0.202007081208/tools/bin/../lib/gcc/arm-none-eabi/7.3.1/../../../../arm-none-eabi/lib/thumb/v7-m\libm.a
END GROUP
START GROUP
LOAD c:/st/stm32cubeide_1.4.0/stm32cubeide/plugins/com.st.stm32cube.ide.mcu.externaltools.gnu-tools-for-stm32.7-2018-q2-update.win32_1.4.0.202007081208/tools/bin/../lib/gcc/arm-none-eabi/7.3.1/thumb/v7-m\libgcc.a
LOAD c:/st/stm32cubeide_1.4.0/stm32cubeide/plugins/com.st.stm32cube.ide.mcu.externaltools.gnu-tools-for-stm32.7-2018-q2-update.win32_1.4.0.202007081208/tools/bin/../lib/gcc/arm-none-eabi/7.3.1/../../../../arm-none-eabi/lib/thumb/v7-m\libg_nano.a
LOAD c:/st/stm32cubeide_1.4.0/stm32cubeide/plugins/com.st.stm32cube.ide.mcu.externaltools.gnu-tools-for-stm32.7-2018-q2-update.win32_1.4.0.202007081208/tools/bin/../lib/gcc/arm-none-eabi/7.3.1/../../../../arm-none-eabi/lib/thumb/v7-m\libc_nano.a
END GROUP
START GROUP
LOAD c:/st/stm32cubeide_1.4.0/stm32cubeide/plugins/com.st.stm32cube.ide.mcu.externaltools.gnu-tools-for-stm32.7-2018-q2-update.win32_1.4.0.202007081208/tools/bin/../lib/gcc/arm-none-eabi/7.3.1/thumb/v7-m\libgcc.a
LOAD c:/st/stm32cubeide_1.4.0/stm32cubeide/plugins/com.st.stm32cube.ide.mcu.externaltools.gnu-tools-for-stm32.7-2018-q2-update.win32_1.4.0.202007081208/tools/bin/../lib/gcc/arm-none-eabi/7.3.1/../../../../arm-none-eabi/lib/thumb/v7-m\libc_nano.a
LOAD c:/st/stm32cubeide_1.4.0/stm32cubeide/plugins/com.st.stm32cube.ide.mcu.externaltools.gnu-tools-for-stm32.7-2018-q2-update.win32_1.4.0.202007081208/tools/bin/../lib/gcc/arm-none-eabi/7.3.1/../../../../arm-none-eabi/lib/thumb/v7-m\libnosys.a
END GROUP
START GROUP
LOAD c:/st/stm32cubeide_1.4.0/stm32cubeide/plugins/com.st.stm32cube.ide.mcu.externaltools.gnu-tools-for-stm32.7-2018-q2-update.win32_1.4.0.202007081208/tools/bin/../lib/gcc/arm-none-eabi/7.3.1/thumb/v7-m\libgcc.a
LOAD c:/st/stm32cubeide_1.4.0/stm32cubeide/plugins/com.st.stm32cube.ide.mcu.externaltools.gnu-tools-for-stm32.7-2018-q2-update.win32_1.4.0.202007081208/tools/bin/../lib/gcc/arm-none-eabi/7.3.1/../../../../arm-none-eabi/lib/thumb/v7-m\libc_nano.a
LOAD c:/st/stm32cubeide_1.4.0/stm32cubeide/plugins/com.st.stm32cube.ide.mcu.externaltools.gnu-tools-for-stm32.7-2018-q2-update.win32_1.4.0.202007081208/tools/bin/../lib/gcc/arm-none-eabi/7.3.1/../../../../arm-none-eabi/lib/thumb/v7-m\libnosys.a
END GROUP
LOAD c:/st/stm32cubeide_1.4.0/stm32cubeide/plugins/com.st.stm32cube.ide.mcu.externaltools.gnu-tools-for-stm32.7-2018-q2-update.win32_1.4.0.202007081208/tools/bin/../lib/gcc/arm-none-eabi/7.3.1/thumb/v7-m/crtend.o
LOAD c:/st/stm32cubeide_1.4.0/stm32cubeide/plugins/com.st.stm32cube.ide.mcu.externaltools.gnu-tools-for-stm32.7-2018-q2-update.win32_1.4.0.202007081208/tools/bin/../lib/gcc/arm-none-eabi/7.3.1/thumb/v7-m/crtn.o
                0x0000000020002800                _estack = (ORIGIN (RAM) + LENGTH (RAM))
                0x0000000000000200                _Min_Heap_Size = 0x200
                0x0000000000000400                _Min_Stack_Size = 0x400

.isr_vector     0x0000000008000000      0x130
                0x0000000008000000                . = ALIGN (0x4)
 *(.isr_vector)
 .isr_vector    0x0000000008000000      0x130 Startup/startup_stm32f103c6tx.o
                0x0000000008000000                g_pfnVectors
                0x0000000008000130                . = ALIGN (0x4)

.text           0x0000000008000130      0x9c8
                0x0000000008000130                . = ALIGN (0x4)
 *(.text)
 .text          0x0000000008000130       0x40 c:/st/stm32cubeide_1.4.0/stm32cubeide/plugins/com.st.stm32cube.ide.mcu.externaltools.gnu-tools-for-stm32.7-2018-q2-update.win32_1.4.0.202007081208/tools/bin/../lib/gcc/arm-none-eabi/7.3.1/thumb/v7-m/crtbegin.o
 *(.text*)
 .text.EXTI0_IRQHandler
                0x0000000008000170       0x24 MCAL/EXTI/Stm32_F103C6_EXTI_driver.o
                0x0000000008000170                EXTI0_IRQHandler
 .text.EXTI1_IRQHandler
                0x0000000008000194       0x24 MCAL/EXTI/Stm32_F103C6_EXTI_driver.o
                0x0000000008000194                EXTI1_IRQHandler
 .text.EXTI2_IRQHandler
                0x00000000080001b8       0x24 MCAL/EXTI/Stm32_F103C6_EXTI_driver.o
                0x00000000080001b8                EXTI2_IRQHandler
 .text.EXTI3_IRQHandler
                0x00000000080001dc       0x24 MCAL/EXTI/Stm32_F103C6_EXTI_driver.o
                0x00000000080001dc                EXTI3_IRQHandler
 .text.EXTI4_IRQHandler
                0x0000000008000200       0x24 MCAL/EXTI/Stm32_F103C6_EXTI_driver.o
                0x0000000008000200                EXTI4_IRQHandler
 .text.EXTI9_5_IRQHandler
                0x0000000008000224       0xa8 MCAL/EXTI/Stm32_F103C6_EXTI_driver.o
                0x0000000008000224                EXTI9_5_IRQHandler
 .text.EXTI15_10_IRQHandler
                0x00000000080002cc       0xc4 MCAL/EXTI/Stm32_F103C6_EXTI_driver.o
                0x00000000080002cc                EXTI15_10_IRQHandler
 .text.Get_CRLH_Position
                0x0000000008000390       0xc6 MCAL/GPIO/Stm32_F103C6_gpio_driver.o
                0x0000000008000390                Get_CRLH_Position
 .text.MCAL_GPIO_Init
                0x0000000008000456      0x11a MCAL/GPIO/Stm32_F103C6_gpio_driver.o
                0x0000000008000456                MCAL_GPIO_Init
 .text.MCAL_RCC_GetSYSCLKFreq
                0x0000000008000570       0x38 MCAL/RCC/Stm32_F103C6_RCC_driver.o
                0x0000000008000570                MCAL_RCC_GetSYSCLKFreq
 .text.MCAL_RCC_GetHCLKFreq
                0x00000000080005a8       0x28 MCAL/RCC/Stm32_F103C6_RCC_driver.o
                0x00000000080005a8                MCAL_RCC_GetHCLKFreq
 .text.MCAL_RCC_GetPCLK1Freq
                0x00000000080005d0       0x28 MCAL/RCC/Stm32_F103C6_RCC_driver.o
                0x00000000080005d0                MCAL_RCC_GetPCLK1Freq
 .text.MCAL_RCC_GetPCLK2Freq
                0x00000000080005f8       0x28 MCAL/RCC/Stm32_F103C6_RCC_driver.o
                0x00000000080005f8                MCAL_RCC_GetPCLK2Freq
 .text.MCAL_USART_Init
                0x0000000008000620      0x194 MCAL/USART/Stm32_F103C6_USART_driver.o
                0x0000000008000620                MCAL_USART_Init
 .text.MCAL_USART_GPIO_Set_Pins
                0x00000000080007b4       0xcc MCAL/USART/Stm32_F103C6_USART_driver.o
                0x00000000080007b4                MCAL_USART_GPIO_Set_Pins
 .text.MCAL_USART_SendData
                0x0000000008000880       0x5c MCAL/USART/Stm32_F103C6_USART_driver.o
                0x0000000008000880                MCAL_USART_SendData
 .text.MCAL_USART_ReceiveData
                0x00000000080008dc       0x80 MCAL/USART/Stm32_F103C6_USART_driver.o
                0x00000000080008dc                MCAL_USART_ReceiveData
 .text.USART1_IRQHandler
                0x000000000800095c       0x14 MCAL/USART/Stm32_F103C6_USART_driver.o
                0x000000000800095c                USART1_IRQHandler
 .text.USART2_IRQHandler
                0x0000000008000970       0x14 MCAL/USART/Stm32_F103C6_USART_driver.o
                0x0000000008000970                USART2_IRQHandler
 .text.USART3_IRQHandler
                0x0000000008000984       0x14 MCAL/USART/Stm32_F103C6_USART_driver.o
                0x0000000008000984                USART3_IRQHandler
 .text.clock_init
                0x0000000008000998       0x34 Src/main.o
                0x0000000008000998                clock_init
 .text.UART_IRQ_Callback
                0x00000000080009cc       0x24 Src/main.o
                0x00000000080009cc                UART_IRQ_Callback
 .text.main     0x00000000080009f0       0x54 Src/main.o
                0x00000000080009f0                main
 .text.Reset_Handler
                0x0000000008000a44       0x50 Startup/startup_stm32f103c6tx.o
                0x0000000008000a44                Reset_Handler
 .text.Default_Handler
                0x0000000008000a94        0x2 Startup/startup_stm32f103c6tx.o
                0x0000000008000a94                TIM8_TRG_COM_IRQHandler
                0x0000000008000a94                TIM8_CC_IRQHandler
                0x0000000008000a94                DebugMon_Handler
                0x0000000008000a94                TIM1_CC_IRQHandler
                0x0000000008000a94                HardFault_Handler
                0x0000000008000a94                TIM6_IRQHandler
                0x0000000008000a94                SysTick_Handler
                0x0000000008000a94                PVD_IRQHandler
                0x0000000008000a94                SDIO_IRQHandler
                0x0000000008000a94                PendSV_Handler
                0x0000000008000a94                NMI_Handler
                0x0000000008000a94                USB_HP_CAN_TX_IRQHandler
                0x0000000008000a94                I2C2_EV_IRQHandler
                0x0000000008000a94                UsageFault_Handler
                0x0000000008000a94                ADC1_2_IRQHandler
                0x0000000008000a94                SPI1_IRQHandler
                0x0000000008000a94                CAN_SCE_IRQHandler
                0x0000000008000a94                TAMPER_IRQHandler
                0x0000000008000a94                TIM8_UP_IRQHandler
                0x0000000008000a94                DMA2_Channel2_IRQHandler
                0x0000000008000a94                DMA1_Channel4_IRQHandler
                0x0000000008000a94                RTC_IRQHandler
                0x0000000008000a94                DMA1_Channel7_IRQHandler
                0x0000000008000a94                UART5_IRQHandler
                0x0000000008000a94                ADC3_IRQHandler
                0x0000000008000a94                TIM4_IRQHandler
                0x0000000008000a94                CAN_RX1_IRQHandler
                0x0000000008000a94                DMA2_Channel1_IRQHandler
                0x0000000008000a94                I2C1_EV_IRQHandler
                0x0000000008000a94                DMA1_Channel6_IRQHandler
                0x0000000008000a94                UART4_IRQHandler
                0x0000000008000a94                TIM3_IRQHandler
                0x0000000008000a94                RCC_IRQHandler
                0x0000000008000a94                TIM1_TRG_COM_IRQHandler
                0x0000000008000a94                DMA1_Channel1_IRQHandler
                0x0000000008000a94                Default_Handler
                0x0000000008000a94                TIM7_IRQHandler
                0x0000000008000a94                TIM5_IRQHandler
                0x0000000008000a94                SPI2_IRQHandler
                0x0000000008000a94                USB_LP_CAN_RX0_IRQHandler
                0x0000000008000a94                MemManage_Handler
                0x0000000008000a94                SVC_Handler
                0x0000000008000a94                DMA1_Channel5_IRQHandler
                0x0000000008000a94                DMA1_Channel3_IRQHandler
                0x0000000008000a94                FSMC_IRQHandler
                0x0000000008000a94                TIM1_UP_IRQHandler
                0x0000000008000a94                WWDG_IRQHandler
                0x0000000008000a94                TIM2_IRQHandler
                0x0000000008000a94                TIM1_BRK_IRQHandler
                0x0000000008000a94                RTCAlarm_IRQHandler
                0x0000000008000a94                DMA2_Channel4_5_IRQHandler
                0x0000000008000a94                I2C2_ER_IRQHandler
                0x0000000008000a94                DMA1_Channel2_IRQHandler
                0x0000000008000a94                TIM8_BRK_IRQHandler
                0x0000000008000a94                FLASH_IRQHandler
                0x0000000008000a94                BusFault_Handler
                0x0000000008000a94                SPI3_IRQHandler
                0x0000000008000a94                I2C1_ER_IRQHandler
                0x0000000008000a94                DMA2_Channel3_IRQHandler
 *fill*         0x0000000008000a96        0x2 
 .text.__libc_init_array
                0x0000000008000a98       0x48 c:/st/stm32cubeide_1.4.0/stm32cubeide/plugins/com.st.stm32cube.ide.mcu.externaltools.gnu-tools-for-stm32.7-2018-q2-update.win32_1.4.0.202007081208/tools/bin/../lib/gcc/arm-none-eabi/7.3.1/../../../../arm-none-eabi/lib/thumb/v7-m\libc_nano.a(lib_a-init.o)
                0x0000000008000a98                __libc_init_array
 *(.glue_7)
 .glue_7        0x0000000008000ae0        0x0 linker stubs
 *(.glue_7t)
 .glue_7t       0x0000000008000ae0        0x0 linker stubs
 *(.eh_frame)
 .eh_frame      0x0000000008000ae0        0x0 c:/st/stm32cubeide_1.4.0/stm32cubeide/plugins/com.st.stm32cube.ide.mcu.externaltools.gnu-tools-for-stm32.7-2018-q2-update.win32_1.4.0.202007081208/tools/bin/../lib/gcc/arm-none-eabi/7.3.1/thumb/v7-m/crtbegin.o
 *(.init)
 .init          0x0000000008000ae0        0x4 c:/st/stm32cubeide_1.4.0/stm32cubeide/plugins/com.st.stm32cube.ide.mcu.externaltools.gnu-tools-for-stm32.7-2018-q2-update.win32_1.4.0.202007081208/tools/bin/../lib/gcc/arm-none-eabi/7.3.1/thumb/v7-m/crti.o
                0x0000000008000ae0                _init
 .init          0x0000000008000ae4        0x8 c:/st/stm32cubeide_1.4.0/stm32cubeide/plugins/com.st.stm32cube.ide.mcu.externaltools.gnu-tools-for-stm32.7-2018-q2-update.win32_1.4.0.202007081208/tools/bin/../lib/gcc/arm-none-eabi/7.3.1/thumb/v7-m/crtn.o
 *(.fini)
 .fini          0x0000000008000aec        0x4 c:/st/stm32cubeide_1.4.0/stm32cubeide/plugins/com.st.stm32cube.ide.mcu.externaltools.gnu-tools-for-stm32.7-2018-q2-update.win32_1.4.0.202007081208/tools/bin/../lib/gcc/arm-none-eabi/7.3.1/thumb/v7-m/crti.o
                0x0000000008000aec                _fini
 .fini          0x0000000008000af0        0x8 c:/st/stm32cubeide_1.4.0/stm32cubeide/plugins/com.st.stm32cube.ide.mcu.externaltools.gnu-tools-for-stm32.7-2018-q2-update.win32_1.4.0.202007081208/tools/bin/../lib/gcc/arm-none-eabi/7.3.1/thumb/v7-m/crtn.o
                0x0000000008000af8                . = ALIGN (0x4)
                0x0000000008000af8                _etext = .

.vfp11_veneer   0x0000000008000af8        0x0
 .vfp11_veneer  0x0000000008000af8        0x0 linker stubs

.v4_bx          0x0000000008000af8        0x0
 .v4_bx         0x0000000008000af8        0x0 linker stubs

.iplt           0x0000000008000af8        0x0
 .iplt          0x0000000008000af8        0x0 c:/st/stm32cubeide_1.4.0/stm32cubeide/plugins/com.st.stm32cube.ide.mcu.externaltools.gnu-tools-for-stm32.7-2018-q2-update.win32_1.4.0.202007081208/tools/bin/../lib/gcc/arm-none-eabi/7.3.1/thumb/v7-m/crtbegin.o

.rodata         0x0000000008000af8       0x1c
                0x0000000008000af8                . = ALIGN (0x4)
 *(.rodata)
 .rodata        0x0000000008000af8        0x2 Src/main.o
 *(.rodata*)
 *fill*         0x0000000008000afa        0x2 
 .rodata.APBPrescTable
                0x0000000008000afc        0x8 MCAL/RCC/Stm32_F103C6_RCC_driver.o
                0x0000000008000afc                APBPrescTable
 .rodata.AHBPrescTable
                0x0000000008000b04       0x10 MCAL/RCC/Stm32_F103C6_RCC_driver.o
                0x0000000008000b04                AHBPrescTable
                0x0000000008000b14                . = ALIGN (0x4)

.rel.dyn        0x0000000008000b14        0x0
 .rel.iplt      0x0000000008000b14        0x0 c:/st/stm32cubeide_1.4.0/stm32cubeide/plugins/com.st.stm32cube.ide.mcu.externaltools.gnu-tools-for-stm32.7-2018-q2-update.win32_1.4.0.202007081208/tools/bin/../lib/gcc/arm-none-eabi/7.3.1/thumb/v7-m/crtbegin.o

.ARM.extab      0x0000000008000b14        0x0
                0x0000000008000b14                . = ALIGN (0x4)
 *(.ARM.extab* .gnu.linkonce.armextab.*)
                0x0000000008000b14                . = ALIGN (0x4)

.ARM            0x0000000008000b14        0x0
                0x0000000008000b14                . = ALIGN (0x4)
                0x0000000008000b14                __exidx_start = .
 *(.ARM.exidx*)
                0x0000000008000b14                __exidx_end = .
                0x0000000008000b14                . = ALIGN (0x4)

.preinit_array  0x0000000008000b14        0x0
                0x0000000008000b14                . = ALIGN (0x4)
                0x0000000008000b14                PROVIDE (__preinit_array_start = .)
 *(.preinit_array*)
                0x0000000008000b14                PROVIDE (__preinit_array_end = .)
                0x0000000008000b14                . = ALIGN (0x4)

.init_array     0x0000000008000b14        0x4
                0x0000000008000b14                . = ALIGN (0x4)
                0x0000000008000b14                PROVIDE (__init_array_start = .)
 *(SORT_BY_NAME(.init_array.*))
 *(.init_array*)
 .init_array    0x0000000008000b14        0x4 c:/st/stm32cubeide_1.4.0/stm32cubeide/plugins/com.st.stm32cube.ide.mcu.externaltools.gnu-tools-for-stm32.7-2018-q2-update.win32_1.4.0.202007081208/tools/bin/../lib/gcc/arm-none-eabi/7.3.1/thumb/v7-m/crtbegin.o
                0x0000000008000b18                PROVIDE (__init_array_end = .)
                0x0000000008000b18                . = ALIGN (0x4)

.fini_array     0x0000000008000b18        0x4
                0x0000000008000b18                . = ALIGN (0x4)
                [!provide]                        PROVIDE (__fini_array_start = .)
 *(SORT_BY_NAME(.fini_array.*))
 *(.fini_array*)
 .fini_array    0x0000000008000b18        0x4 c:/st/stm32cubeide_1.4.0/stm32cubeide/plugins/com.st.stm32cube.ide.mcu.externaltools.gnu-tools-for-stm32.7-2018-q2-update.win32_1.4.0.202007081208/tools/bin/../lib/gcc/arm-none-eabi/7.3.1/thumb/v7-m/crtbegin.o
                [!provide]                        PROVIDE (__fini_array_end = .)
                0x0000000008000b1c                . = ALIGN (0x4)
                0x0000000008000b1c                _sidata = LOADADDR (.data)

.data           0x0000000020000000        0x0 load address 0x0000000008000b1c
                0x0000000020000000                . = ALIGN (0x4)
                0x0000000020000000                _sdata = .
 *(.data)
 *(.data*)
                0x0000000020000000                . = ALIGN (0x4)
                0x0000000020000000                _edata = .

.igot.plt       0x0000000020000000        0x0 load address 0x0000000008000b1c
 .igot.plt      0x0000000020000000        0x0 c:/st/stm32cubeide_1.4.0/stm32cubeide/plugins/com.st.stm32cube.ide.mcu.externaltools.gnu-tools-for-stm32.7-2018-q2-update.win32_1.4.0.202007081208/tools/bin/../lib/gcc/arm-none-eabi/7.3.1/thumb/v7-m/crtbegin.o
                0x0000000020000000                . = ALIGN (0x4)

.bss            0x0000000020000000       0x68 load address 0x0000000008000b1c
                0x0000000020000000                _sbss = .
                0x0000000020000000                __bss_start__ = _sbss
 *(.bss)
 .bss           0x0000000020000000       0x1c c:/st/stm32cubeide_1.4.0/stm32cubeide/plugins/com.st.stm32cube.ide.mcu.externaltools.gnu-tools-for-stm32.7-2018-q2-update.win32_1.4.0.202007081208/tools/bin/../lib/gcc/arm-none-eabi/7.3.1/thumb/v7-m/crtbegin.o
 *(.bss*)
 .bss.Global_USART_Config
                0x000000002000001c        0xc MCAL/USART/Stm32_F103C6_USART_driver.o
                0x000000002000001c                Global_USART_Config
 *(COMMON)
 COMMON         0x0000000020000028       0x3c MCAL/EXTI/Stm32_F103C6_EXTI_driver.o
                0x0000000020000028                GP_IRQ_CallBack
 COMMON         0x0000000020000064        0x1 Src/main.o
                0x0000000020000064                ch
                0x0000000020000068                . = ALIGN (0x4)
 *fill*         0x0000000020000065        0x3 
                0x0000000020000068                _ebss = .
                0x0000000020000068                __bss_end__ = _ebss

._user_heap_stack
                0x0000000020000068      0x600 load address 0x0000000008000b1c
                0x0000000020000068                . = ALIGN (0x8)
                [!provide]                        PROVIDE (end = .)
                0x0000000020000068                PROVIDE (_end = .)
                0x0000000020000268                . = (. + _Min_Heap_Size)
 *fill*         0x0000000020000068      0x200 
                0x0000000020000668                . = (. + _Min_Stack_Size)
 *fill*         0x0000000020000268      0x400 
                0x0000000020000668                . = ALIGN (0x8)

/DISCARD/
 libc.a(*)
 libm.a(*)
 libgcc.a(*)

.ARM.attributes
                0x0000000000000000       0x29
 *(.ARM.attributes)
 .ARM.attributes
                0x0000000000000000       0x1d c:/st/stm32cubeide_1.4.0/stm32cubeide/plugins/com.st.stm32cube.ide.mcu.externaltools.gnu-tools-for-stm32.7-2018-q2-update.win32_1.4.0.202007081208/tools/bin/../lib/gcc/arm-none-eabi/7.3.1/thumb/v7-m/crti.o
 .ARM.attributes
                0x000000000000001d       0x2d c:/st/stm32cubeide_1.4.0/stm32cubeide/plugins/com.st.stm32cube.ide.mcu.externaltools.gnu-tools-for-stm32.7-2018-q2-update.win32_1.4.0.202007081208/tools/bin/../lib/gcc/arm-none-eabi/7.3.1/thumb/v7-m/crtbegin.o
 .ARM.attributes
                0x000000000000004a       0x33 MCAL/EXTI/Stm32_F103C6_EXTI_driver.o
 .ARM.attributes
                0x000000000000007d       0x33 MCAL/GPIO/Stm32_F103C6_gpio_driver.o
 .ARM.attributes
                0x00000000000000b0       0x33 MCAL/RCC/Stm32_F103C6_RCC_driver.o
 .ARM.attributes
                0x00000000000000e3       0x33 MCAL/USART/Stm32_F103C6_USART_driver.o
 .ARM.attributes
                0x0000000000000116       0x33 Src/main.o
 .ARM.attributes
                0x0000000000000149       0x21 Startup/startup_stm32f103c6tx.o
 .ARM.attributes
                0x000000000000016a       0x2d c:/st/stm32cubeide_1.4.0/stm32cubeide/plugins/com.st.stm32cube.ide.mcu.externaltools.gnu-tools-for-stm32.7-2018-q2-update.win32_1.4.0.202007081208/tools/bin/../lib/gcc/arm-none-eabi/7.3.1/../../../../arm-none-eabi/lib/thumb/v7-m\libc_nano.a(lib_a-init.o)
 .ARM.attributes
                0x0000000000000197       0x1d c:/st/stm32cubeide_1.4.0/stm32cubeide/plugins/com.st.stm32cube.ide.mcu.externaltools.gnu-tools-for-stm32.7-2018-q2-update.win32_1.4.0.202007081208/tools/bin/../lib/gcc/arm-none-eabi/7.3.1/thumb/v7-m/crtn.o
OUTPUT(Drivers_STM32F103C6.elf elf32-littlearm)

.debug_info     0x0000000000000000     0x4041
 .debug_info    0x0000000000000000      0xdbf MCAL/EXTI/Stm32_F103C6_EXTI_driver.o
 .debug_info    0x0000000000000dbf      0xd5d MCAL/GPIO/Stm32_F103C6_gpio_driver.o
 .debug_info    0x0000000000001b1c      0xb09 MCAL/RCC/Stm32_F103C6_RCC_driver.o
 .debug_info    0x0000000000002625      0xe2d MCAL/USART/Stm32_F103C6_USART_driver.o
 .debug_info    0x0000000000003452      0xbcd Src/main.o
 .debug_info    0x000000000000401f       0x22 Startup/startup_stm32f103c6tx.o

.debug_abbrev   0x0000000000000000      0xa17
 .debug_abbrev  0x0000000000000000      0x210 MCAL/EXTI/Stm32_F103C6_EXTI_driver.o
 .debug_abbrev  0x0000000000000210      0x232 MCAL/GPIO/Stm32_F103C6_gpio_driver.o
 .debug_abbrev  0x0000000000000442      0x19b MCAL/RCC/Stm32_F103C6_RCC_driver.o
 .debug_abbrev  0x00000000000005dd      0x24c MCAL/USART/Stm32_F103C6_USART_driver.o
 .debug_abbrev  0x0000000000000829      0x1dc Src/main.o
 .debug_abbrev  0x0000000000000a05       0x12 Startup/startup_stm32f103c6tx.o

.debug_loc      0x0000000000000000      0xa54
 .debug_loc     0x0000000000000000      0x320 MCAL/EXTI/Stm32_F103C6_EXTI_driver.o
 .debug_loc     0x0000000000000320      0x330 MCAL/GPIO/Stm32_F103C6_gpio_driver.o
 .debug_loc     0x0000000000000650       0xc8 MCAL/RCC/Stm32_F103C6_RCC_driver.o
 .debug_loc     0x0000000000000718      0x294 MCAL/USART/Stm32_F103C6_USART_driver.o
 .debug_loc     0x00000000000009ac       0xa8 Src/main.o

.debug_aranges  0x0000000000000000      0x1d0
 .debug_aranges
                0x0000000000000000       0x80 MCAL/EXTI/Stm32_F103C6_EXTI_driver.o
 .debug_aranges
                0x0000000000000080       0x60 MCAL/GPIO/Stm32_F103C6_gpio_driver.o
 .debug_aranges
                0x00000000000000e0       0x38 MCAL/RCC/Stm32_F103C6_RCC_driver.o
 .debug_aranges
                0x0000000000000118       0x60 MCAL/USART/Stm32_F103C6_USART_driver.o
 .debug_aranges
                0x0000000000000178       0x30 Src/main.o
 .debug_aranges
                0x00000000000001a8       0x28 Startup/startup_stm32f103c6tx.o

.debug_ranges   0x0000000000000000      0x178
 .debug_ranges  0x0000000000000000       0x70 MCAL/EXTI/Stm32_F103C6_EXTI_driver.o
 .debug_ranges  0x0000000000000070       0x50 MCAL/GPIO/Stm32_F103C6_gpio_driver.o
 .debug_ranges  0x00000000000000c0       0x28 MCAL/RCC/Stm32_F103C6_RCC_driver.o
 .debug_ranges  0x00000000000000e8       0x50 MCAL/USART/Stm32_F103C6_USART_driver.o
 .debug_ranges  0x0000000000000138       0x20 Src/main.o
 .debug_ranges  0x0000000000000158       0x20 Startup/startup_stm32f103c6tx.o

.debug_macro    0x0000000000000000      0xdbd
 .debug_macro   0x0000000000000000      0x21d MCAL/EXTI/Stm32_F103C6_EXTI_driver.o
 .debug_macro   0x000000000000021d      0x227 MCAL/EXTI/Stm32_F103C6_EXTI_driver.o
 .debug_macro   0x0000000000000444      0x204 MCAL/GPIO/Stm32_F103C6_gpio_driver.o
 .debug_macro   0x0000000000000648      0x217 MCAL/RCC/Stm32_F103C6_RCC_driver.o
 .debug_macro   0x000000000000085f       0x10 MCAL/RCC/Stm32_F103C6_RCC_driver.o
 .debug_macro   0x000000000000086f      0x220 MCAL/USART/Stm32_F103C6_USART_driver.o
 .debug_macro   0x0000000000000a8f       0x16 MCAL/USART/Stm32_F103C6_USART_driver.o
 .debug_macro   0x0000000000000aa5       0xe5 MCAL/USART/Stm32_F103C6_USART_driver.o
 .debug_macro   0x0000000000000b8a      0x233 Src/main.o

.debug_line     0x0000000000000000     0x2409
 .debug_line    0x0000000000000000      0x7e3 MCAL/EXTI/Stm32_F103C6_EXTI_driver.o
 .debug_line    0x00000000000007e3      0x71a MCAL/GPIO/Stm32_F103C6_gpio_driver.o
 .debug_line    0x0000000000000efd      0x669 MCAL/RCC/Stm32_F103C6_RCC_driver.o
 .debug_line    0x0000000000001566      0x797 MCAL/USART/Stm32_F103C6_USART_driver.o
 .debug_line    0x0000000000001cfd      0x688 Src/main.o
 .debug_line    0x0000000000002385       0x84 Startup/startup_stm32f103c6tx.o

.debug_str      0x0000000000000000     0xae2e
 .debug_str     0x0000000000000000     0xa399 MCAL/EXTI/Stm32_F103C6_EXTI_driver.o
                                       0xa609 (size before relaxing)
 .debug_str     0x000000000000a399      0x149 MCAL/GPIO/Stm32_F103C6_gpio_driver.o
                                       0x924e (size before relaxing)
 .debug_str     0x000000000000a4e2       0xf5 MCAL/RCC/Stm32_F103C6_RCC_driver.o
                                       0x91c2 (size before relaxing)
 .debug_str     0x000000000000a5d7      0x7ee MCAL/USART/Stm32_F103C6_USART_driver.o
                                       0x99a3 (size before relaxing)
 .debug_str     0x000000000000adc5       0x38 Src/main.o
                                       0xaadd (size before relaxing)
 .debug_str     0x000000000000adfd       0x31 Startup/startup_stm32f103c6tx.o
                                         0x76 (size before relaxing)

.comment        0x0000000000000000       0x7b
 .comment       0x0000000000000000       0x7b MCAL/EXTI/Stm32_F103C6_EXTI_driver.o
                                         0x7c (size before relaxing)
 .comment       0x000000000000007b       0x7c MCAL/GPIO/Stm32_F103C6_gpio_driver.o
 .comment       0x000000000000007b       0x7c MCAL/RCC/Stm32_F103C6_RCC_driver.o
 .comment       0x000000000000007b       0x7c MCAL/USART/Stm32_F103C6_USART_driver.o
 .comment       0x000000000000007b       0x7c Src/main.o

.debug_frame    0x0000000000000000      0x590
 .debug_frame   0x0000000000000000      0x1b0 MCAL/EXTI/Stm32_F103C6_EXTI_driver.o
 .debug_frame   0x00000000000001b0      0x178 MCAL/GPIO/Stm32_F103C6_gpio_driver.o
 .debug_frame   0x0000000000000328       0x84 MCAL/RCC/Stm32_F103C6_RCC_driver.o
 .debug_frame   0x00000000000003ac      0x14c MCAL/USART/Stm32_F103C6_USART_driver.o
 .debug_frame   0x00000000000004f8       0x6c Src/main.o
 .debug_frame   0x0000000000000564       0x2c c:/st/stm32cubeide_1.4.0/stm32cubeide/plugins/com.st.stm32cube.ide.mcu.externaltools.gnu-tools-for-stm32.7-2018-q2-update.win32_1.4.0.202007081208/tools/bin/../lib/gcc/arm-none-eabi/7.3.1/../../../../arm-none-eabi/lib/thumb/v7-m\libc_nano.a(lib_a-init.o)
