
Allocating common symbols
Common symbol       size              file

_stack_top          0x4               startup.o

Memory Configuration

Name             Origin             Length             Attributes
flash            0x0000000000000000 0x0000000020000000 xr
sram             0x0000000020000000 0x0000000020000000 xrw
*default*        0x0000000000000000 0xffffffffffffffff

Linker script and memory map


.text           0x0000000000000000      0x12c
 *(.vectors*)
 .vectors       0x0000000000000000       0x10 startup.o
                0x0000000000000000                g_p_fn_Vectors
 *(.text*)
 .text          0x0000000000000010       0x8c main.o
                0x0000000000000010                main
 .text          0x000000000000009c       0x90 startup.o
                0x000000000000009c                H_Fault_Handler
                0x000000000000009c                Default_Handler
                0x000000000000009c                NMI_Handler
                0x00000000000000a8                Reset_Handler
 *(.rodata)
                0x000000000000012c                _E_text = .

.glue_7         0x000000000000012c        0x0
 .glue_7        0x000000000000012c        0x0 linker stubs

.glue_7t        0x000000000000012c        0x0
 .glue_7t       0x000000000000012c        0x0 linker stubs

.vfp11_veneer   0x000000000000012c        0x0
 .vfp11_veneer  0x000000000000012c        0x0 linker stubs

.v4_bx          0x000000000000012c        0x0
 .v4_bx         0x000000000000012c        0x0 linker stubs

.iplt           0x000000000000012c        0x0
 .iplt          0x000000000000012c        0x0 main.o

.rel.dyn        0x000000000000012c        0x0
 .rel.iplt      0x000000000000012c        0x0 main.o

.data           0x0000000020000000        0x0 load address 0x000000000000012c
                0x0000000020000000                _S_DATA = .
 *(.data)
 .data          0x0000000020000000        0x0 main.o
 .data          0x0000000020000000        0x0 startup.o
                0x0000000020000000                . = ALIGN (0x4)
                0x0000000020000000                _E_DATA = .

.igot.plt       0x0000000020000000        0x0 load address 0x000000000000012c
 .igot.plt      0x0000000020000000        0x0 main.o

.bss            0x0000000020000000      0x404 load address 0x000000000000012c
                0x0000000020000000                _S_bss = .
 *(.bss*)
 .bss           0x0000000020000000        0x0 main.o
 .bss           0x0000000020000000      0x400 startup.o
                0x0000000020000400                _E_bss = .
 COMMON         0x0000000020000400        0x4 startup.o
                0x0000000020000400                _stack_top
LOAD main.o
LOAD startup.o
OUTPUT(unit3_lab4_cortexM4.elf elf32-littlearm)

.debug_info     0x0000000000000000      0x237
 .debug_info    0x0000000000000000       0x95 main.o
 .debug_info    0x0000000000000095      0x1a2 startup.o

.debug_abbrev   0x0000000000000000      0x134
 .debug_abbrev  0x0000000000000000       0x58 main.o
 .debug_abbrev  0x0000000000000058       0xdc startup.o

.debug_aranges  0x0000000000000000       0x40
 .debug_aranges
                0x0000000000000000       0x20 main.o
 .debug_aranges
                0x0000000000000020       0x20 startup.o

.debug_line     0x0000000000000000       0xcc
 .debug_line    0x0000000000000000       0x63 main.o
 .debug_line    0x0000000000000063       0x69 startup.o

.debug_str      0x0000000000000000      0x1ed
 .debug_str     0x0000000000000000      0x15c main.o
                                        0x190 (size before relaxing)
 .debug_str     0x000000000000015c       0x91 startup.o
                                        0x209 (size before relaxing)

.comment        0x0000000000000000       0x7b
 .comment       0x0000000000000000       0x7b main.o
                                         0x7c (size before relaxing)
 .comment       0x000000000000007b       0x7c startup.o

.ARM.attributes
                0x0000000000000000       0x33
 .ARM.attributes
                0x0000000000000000       0x33 main.o
 .ARM.attributes
                0x0000000000000033       0x33 startup.o

.debug_frame    0x0000000000000000       0x7c
 .debug_frame   0x0000000000000000       0x2c main.o
 .debug_frame   0x000000000000002c       0x50 startup.o
