Archive member included to satisfy reference by file (symbol)

c:/st/stm32cubeide_1.4.0/stm32cubeide/plugins/com.st.stm32cube.ide.mcu.externaltools.gnu-tools-for-stm32.7-2018-q2-update.win32_1.4.0.202007081208/tools/bin/../lib/gcc/arm-none-eabi/7.3.1/../../../../arm-none-eabi/lib/thumb/v7-m\libc_nano.a(lib_a-errno.o)
                              Src/syscalls.o (__errno)
c:/st/stm32cubeide_1.4.0/stm32cubeide/plugins/com.st.stm32cube.ide.mcu.externaltools.gnu-tools-for-stm32.7-2018-q2-update.win32_1.4.0.202007081208/tools/bin/../lib/gcc/arm-none-eabi/7.3.1/../../../../arm-none-eabi/lib/thumb/v7-m\libc_nano.a(lib_a-exit.o)
                              c:/st/stm32cubeide_1.4.0/stm32cubeide/plugins/com.st.stm32cube.ide.mcu.externaltools.gnu-tools-for-stm32.7-2018-q2-update.win32_1.4.0.202007081208/tools/bin/../lib/gcc/arm-none-eabi/7.3.1/../../../../arm-none-eabi/lib/thumb/v7-m/crt0.o (exit)
c:/st/stm32cubeide_1.4.0/stm32cubeide/plugins/com.st.stm32cube.ide.mcu.externaltools.gnu-tools-for-stm32.7-2018-q2-update.win32_1.4.0.202007081208/tools/bin/../lib/gcc/arm-none-eabi/7.3.1/../../../../arm-none-eabi/lib/thumb/v7-m\libc_nano.a(lib_a-impure.o)
                              c:/st/stm32cubeide_1.4.0/stm32cubeide/plugins/com.st.stm32cube.ide.mcu.externaltools.gnu-tools-for-stm32.7-2018-q2-update.win32_1.4.0.202007081208/tools/bin/../lib/gcc/arm-none-eabi/7.3.1/../../../../arm-none-eabi/lib/thumb/v7-m\libc_nano.a(lib_a-exit.o) (_global_impure_ptr)
c:/st/stm32cubeide_1.4.0/stm32cubeide/plugins/com.st.stm32cube.ide.mcu.externaltools.gnu-tools-for-stm32.7-2018-q2-update.win32_1.4.0.202007081208/tools/bin/../lib/gcc/arm-none-eabi/7.3.1/../../../../arm-none-eabi/lib/thumb/v7-m\libc_nano.a(lib_a-init.o)
                              c:/st/stm32cubeide_1.4.0/stm32cubeide/plugins/com.st.stm32cube.ide.mcu.externaltools.gnu-tools-for-stm32.7-2018-q2-update.win32_1.4.0.202007081208/tools/bin/../lib/gcc/arm-none-eabi/7.3.1/../../../../arm-none-eabi/lib/thumb/v7-m/crt0.o (__libc_init_array)
c:/st/stm32cubeide_1.4.0/stm32cubeide/plugins/com.st.stm32cube.ide.mcu.externaltools.gnu-tools-for-stm32.7-2018-q2-update.win32_1.4.0.202007081208/tools/bin/../lib/gcc/arm-none-eabi/7.3.1/../../../../arm-none-eabi/lib/thumb/v7-m\libc_nano.a(lib_a-memset.o)
                              c:/st/stm32cubeide_1.4.0/stm32cubeide/plugins/com.st.stm32cube.ide.mcu.externaltools.gnu-tools-for-stm32.7-2018-q2-update.win32_1.4.0.202007081208/tools/bin/../lib/gcc/arm-none-eabi/7.3.1/../../../../arm-none-eabi/lib/thumb/v7-m/crt0.o (memset)

Allocating common symbols
Common symbol       size              file

Global_SPI_Config2  0x18              MCAL/SPI/Stm32_F103C6_SPI_driver.o
PinCfg              0x4               HAL/lcd.o
Global_SPI_Config1  0x18              MCAL/SPI/Stm32_F103C6_SPI_driver.o
ch                  0x1               Src/main.o
GP_IRQ_CallBack     0x3c              MCAL/EXTI/Stm32_F103C6_EXTI_driver.o

Discarded input sections

 .text          0x0000000000000000        0x0 c:/st/stm32cubeide_1.4.0/stm32cubeide/plugins/com.st.stm32cube.ide.mcu.externaltools.gnu-tools-for-stm32.7-2018-q2-update.win32_1.4.0.202007081208/tools/bin/../lib/gcc/arm-none-eabi/7.3.1/thumb/v7-m/crti.o
 .data          0x0000000000000000        0x0 c:/st/stm32cubeide_1.4.0/stm32cubeide/plugins/com.st.stm32cube.ide.mcu.externaltools.gnu-tools-for-stm32.7-2018-q2-update.win32_1.4.0.202007081208/tools/bin/../lib/gcc/arm-none-eabi/7.3.1/thumb/v7-m/crti.o
 .bss           0x0000000000000000        0x0 c:/st/stm32cubeide_1.4.0/stm32cubeide/plugins/com.st.stm32cube.ide.mcu.externaltools.gnu-tools-for-stm32.7-2018-q2-update.win32_1.4.0.202007081208/tools/bin/../lib/gcc/arm-none-eabi/7.3.1/thumb/v7-m/crti.o
 .data          0x0000000000000000        0x4 c:/st/stm32cubeide_1.4.0/stm32cubeide/plugins/com.st.stm32cube.ide.mcu.externaltools.gnu-tools-for-stm32.7-2018-q2-update.win32_1.4.0.202007081208/tools/bin/../lib/gcc/arm-none-eabi/7.3.1/thumb/v7-m/crtbegin.o
 .text          0x0000000000000000       0x74 c:/st/stm32cubeide_1.4.0/stm32cubeide/plugins/com.st.stm32cube.ide.mcu.externaltools.gnu-tools-for-stm32.7-2018-q2-update.win32_1.4.0.202007081208/tools/bin/../lib/gcc/arm-none-eabi/7.3.1/../../../../arm-none-eabi/lib/thumb/v7-m/crt0.o
 .data          0x0000000000000000        0x0 c:/st/stm32cubeide_1.4.0/stm32cubeide/plugins/com.st.stm32cube.ide.mcu.externaltools.gnu-tools-for-stm32.7-2018-q2-update.win32_1.4.0.202007081208/tools/bin/../lib/gcc/arm-none-eabi/7.3.1/../../../../arm-none-eabi/lib/thumb/v7-m/crt0.o
 .bss           0x0000000000000000        0x0 c:/st/stm32cubeide_1.4.0/stm32cubeide/plugins/com.st.stm32cube.ide.mcu.externaltools.gnu-tools-for-stm32.7-2018-q2-update.win32_1.4.0.202007081208/tools/bin/../lib/gcc/arm-none-eabi/7.3.1/../../../../arm-none-eabi/lib/thumb/v7-m/crt0.o
[...]
Memory Configuration

Name             Origin             Length             Attributes
RAM              0x0000000020000000 0x0000000000002800 xrw
ROM              0x0000000008000000 0x0000000000008000 xr
*default*        0x0000000000000000 0xffffffffffffffff

Linker script and memory map

LOAD c:/st/stm32cubeide_1.4.0/stm32cubeide/plugins/com.st.stm32cube.ide.mcu.externaltools.gnu-tools-for-stm32.7-2018-q2-update.win32_1.4.0.202007081208/tools/bin/../lib/gcc/arm-none-eabi/7.3.1/thumb/v7-m/crti.o
LOAD c:/st/stm32cubeide_1.4.0/stm32cubeide/plugins/com.st.stm32cube.ide.mcu.externaltools.gnu-tools-for-stm32.7-2018-q2-update.win32_1.4.0.202007081208/tools/bin/../lib/gcc/arm-none-eabi/7.3.1/thumb/v7-m/crtbegin.o
LOAD c:/st/stm32cubeide_1.4.0/stm32cubeide/plugins/com.st.stm32cube.ide.mcu.externaltools.gnu-tools-for-stm32.7-2018-q2-update.win32_1.4.0.202007081208/tools/bin/../lib/gcc/arm-none-eabi/7.3.1/../../../../arm-none-eabi/lib/thumb/v7-m/crt0.o
LOAD HAL/I2C_Slave_EEPROM.o
LOAD HAL/keypad.o
LOAD HAL/lcd.o
LOAD MCAL/EXTI/Stm32_F103C6_EXTI_driver.o
LOAD MCAL/GPIO/Stm32_F103C6_gpio_driver.o
LOAD MCAL/I2C/Stm32_F103C6_I2C_driver.o
LOAD MCAL/RCC/Stm32_F103C6_RCC_driver.o
LOAD MCAL/SPI/Stm32_F103C6_SPI_driver.o
LOAD MCAL/USART/Stm32_F103C6_USART_driver.o
LOAD Src/main.o
LOAD Src/syscalls.o
LOAD Src/sysmem.o
LOAD Startup/startup_stm32f103c6tx.o
START GROUP
LOAD c:/st/stm32cubeide_1.4.0/stm32cubeide/plugins/com.st.stm32cube.ide.mcu.externaltools.gnu-tools-for-stm32.7-2018-q2-update.win32_1.4.0.202007081208/tools/bin/../lib/gcc/arm-none-eabi/7.3.1/../../../../arm-none-eabi/lib/thumb/v7-m\libc_nano.a
LOAD c:/st/stm32cubeide_1.4.0/stm32cubeide/plugins/com.st.stm32cube.ide.mcu.externaltools.gnu-tools-for-stm32.7-2018-q2-update.win32_1.4.0.202007081208/tools/bin/../lib/gcc/arm-none-eabi/7.3.1/../../../../arm-none-eabi/lib/thumb/v7-m\libm.a
END GROUP
START GROUP
LOAD c:/st/stm32cubeide_1.4.0/stm32cubeide/plugins/com.st.stm32cube.ide.mcu.externaltools.gnu-tools-for-stm32.7-2018-q2-update.win32_1.4.0.202007081208/tools/bin/../lib/gcc/arm-none-eabi/7.3.1/thumb/v7-m\libgcc.a
LOAD c:/st/stm32cubeide_1.4.0/stm32cubeide/plugins/com.st.stm32cube.ide.mcu.externaltools.gnu-tools-for-stm32.7-2018-q2-update.win32_1.4.0.202007081208/tools/bin/../lib/gcc/arm-none-eabi/7.3.1/../../../../arm-none-eabi/lib/thumb/v7-m\libg_nano.a
LOAD c:/st/stm32cubeide_1.4.0/stm32cubeide/plugins/com.st.stm32cube.ide.mcu.externaltools.gnu-tools-for-stm32.7-2018-q2-update.win32_1.4.0.202007081208/tools/bin/../lib/gcc/arm-none-eabi/7.3.1/../../../../arm-none-eabi/lib/thumb/v7-m\libc_nano.a
END GROUP
START GROUP
LOAD c:/st/stm32cubeide_1.4.0/stm32cubeide/plugins/com.st.stm32cube.ide.mcu.externaltools.gnu-tools-for-stm32.7-2018-q2-update.win32_1.4.0.202007081208/tools/bin/../lib/gcc/arm-none-eabi/7.3.1/thumb/v7-m\libgcc.a
LOAD c:/st/stm32cubeide_1.4.0/stm32cubeide/plugins/com.st.stm32cube.ide.mcu.externaltools.gnu-tools-for-stm32.7-2018-q2-update.win32_1.4.0.202007081208/tools/bin/../lib/gcc/arm-none-eabi/7.3.1/../../../../arm-none-eabi/lib/thumb/v7-m\libc_nano.a
LOAD c:/st/stm32cubeide_1.4.0/stm32cubeide/plugins/com.st.stm32cube.ide.mcu.externaltools.gnu-tools-for-stm32.7-2018-q2-update.win32_1.4.0.202007081208/tools/bin/../lib/gcc/arm-none-eabi/7.3.1/../../../../arm-none-eabi/lib/thumb/v7-m\libnosys.a
END GROUP
START GROUP
LOAD c:/st/stm32cubeide_1.4.0/stm32cubeide/plugins/com.st.stm32cube.ide.mcu.externaltools.gnu-tools-for-stm32.7-2018-q2-update.win32_1.4.0.202007081208/tools/bin/../lib/gcc/arm-none-eabi/7.3.1/thumb/v7-m\libgcc.a
LOAD c:/st/stm32cubeide_1.4.0/stm32cubeide/plugins/com.st.stm32cube.ide.mcu.externaltools.gnu-tools-for-stm32.7-2018-q2-update.win32_1.4.0.202007081208/tools/bin/../lib/gcc/arm-none-eabi/7.3.1/../../../../arm-none-eabi/lib/thumb/v7-m\libc_nano.a
LOAD c:/st/stm32cubeide_1.4.0/stm32cubeide/plugins/com.st.stm32cube.ide.mcu.externaltools.gnu-tools-for-stm32.7-2018-q2-update.win32_1.4.0.202007081208/tools/bin/../lib/gcc/arm-none-eabi/7.3.1/../../../../arm-none-eabi/lib/thumb/v7-m\libnosys.a
END GROUP
LOAD c:/st/stm32cubeide_1.4.0/stm32cubeide/plugins/com.st.stm32cube.ide.mcu.externaltools.gnu-tools-for-stm32.7-2018-q2-update.win32_1.4.0.202007081208/tools/bin/../lib/gcc/arm-none-eabi/7.3.1/thumb/v7-m/crtend.o
LOAD c:/st/stm32cubeide_1.4.0/stm32cubeide/plugins/com.st.stm32cube.ide.mcu.externaltools.gnu-tools-for-stm32.7-2018-q2-update.win32_1.4.0.202007081208/tools/bin/../lib/gcc/arm-none-eabi/7.3.1/thumb/v7-m/crtn.o
                0x0000000020002800                _estack = (ORIGIN (RAM) + LENGTH (RAM))
                0x0000000000000200                _Min_Heap_Size = 0x200
                0x0000000000000400                _Min_Stack_Size = 0x400

.isr_vector     0x0000000008000000      0x130
                0x0000000008000000                . = ALIGN (0x4)
 *(.isr_vector)
 .isr_vector    0x0000000008000000      0x130 Startup/startup_stm32f103c6tx.o
                0x0000000008000000                g_pfnVectors
                0x0000000008000130                . = ALIGN (0x4)

.text           0x0000000008000130      0xf88
                0x0000000008000130                . = ALIGN (0x4)
 *(.text)
 .text          0x0000000008000130       0x40 c:/st/stm32cubeide_1.4.0/stm32cubeide/plugins/com.st.stm32cube.ide.mcu.externaltools.gnu-tools-for-stm32.7-2018-q2-update.win32_1.4.0.202007081208/tools/bin/../lib/gcc/arm-none-eabi/7.3.1/thumb/v7-m/crtbegin.o
 *(.text*)
 .text.eeprom_init
                0x0000000008000170       0x40 HAL/I2C_Slave_EEPROM.o
                0x0000000008000170                eeprom_init
 .text.eeprom_write_Nbytes
                0x00000000080001b0       0xa4 HAL/I2C_Slave_EEPROM.o
                0x00000000080001b0                eeprom_write_Nbytes
 .text.eeprom_read_byte
                0x0000000008000254       0x58 HAL/I2C_Slave_EEPROM.o
                0x0000000008000254                eeprom_read_byte
 .text.EXTI0_IRQHandler
                0x00000000080002ac       0x24 MCAL/EXTI/Stm32_F103C6_EXTI_driver.o
                0x00000000080002ac                EXTI0_IRQHandler
 .text.EXTI1_IRQHandler
                0x00000000080002d0       0x24 MCAL/EXTI/Stm32_F103C6_EXTI_driver.o
                0x00000000080002d0                EXTI1_IRQHandler
 .text.EXTI2_IRQHandler
                0x00000000080002f4       0x24 MCAL/EXTI/Stm32_F103C6_EXTI_driver.o
                0x00000000080002f4                EXTI2_IRQHandler
 .text.EXTI3_IRQHandler
                0x0000000008000318       0x24 MCAL/EXTI/Stm32_F103C6_EXTI_driver.o
                0x0000000008000318                EXTI3_IRQHandler
 .text.EXTI4_IRQHandler
                0x000000000800033c       0x24 MCAL/EXTI/Stm32_F103C6_EXTI_driver.o
                0x000000000800033c                EXTI4_IRQHandler
 .text.EXTI9_5_IRQHandler
                0x0000000008000360       0xa8 MCAL/EXTI/Stm32_F103C6_EXTI_driver.o
                0x0000000008000360                EXTI9_5_IRQHandler
 .text.EXTI15_10_IRQHandler
                0x0000000008000408       0xc4 MCAL/EXTI/Stm32_F103C6_EXTI_driver.o
                0x0000000008000408                EXTI15_10_IRQHandler
 .text.Get_CRLH_Position
                0x00000000080004cc       0xc6 MCAL/GPIO/Stm32_F103C6_gpio_driver.o
                0x00000000080004cc                Get_CRLH_Position
 .text.MCAL_GPIO_Init
                0x0000000008000592      0x11a MCAL/GPIO/Stm32_F103C6_gpio_driver.o
                0x0000000008000592                MCAL_GPIO_Init
 .text.I2C_AcknowledgeConfig
                0x00000000080006ac       0x36 MCAL/I2C/Stm32_F103C6_I2C_driver.o
                0x00000000080006ac                I2C_AcknowledgeConfig
 .text.I2C_GenerateSTART
                0x00000000080006e2       0x4e MCAL/I2C/Stm32_F103C6_I2C_driver.o
                0x00000000080006e2                I2C_GenerateSTART
 .text.I2C_GetFlagStatus
                0x0000000008000730      0x100 MCAL/I2C/Stm32_F103C6_I2C_driver.o
                0x0000000008000730                I2C_GetFlagStatus
 .text.I2C_SendAddress
                0x0000000008000830       0x6c MCAL/I2C/Stm32_F103C6_I2C_driver.o
                0x0000000008000830                I2C_SendAddress
 .text.I2C_GenerateSTOP
                0x000000000800089c       0x36 MCAL/I2C/Stm32_F103C6_I2C_driver.o
                0x000000000800089c                I2C_GenerateSTOP
 *fill*         0x00000000080008d2        0x2 
 .text.MCAL_I2C_Init
                0x00000000080008d4      0x21c MCAL/I2C/Stm32_F103C6_I2C_driver.o
                0x00000000080008d4                MCAL_I2C_Init
 .text.MCAL_I2C_GPIO_Set_Pins
                0x0000000008000af0       0x94 MCAL/I2C/Stm32_F103C6_I2C_driver.o
                0x0000000008000af0                MCAL_I2C_GPIO_Set_Pins
 .text.MCAL_I2C_Master_TX
                0x0000000008000b84       0xac MCAL/I2C/Stm32_F103C6_I2C_driver.o
                0x0000000008000b84                MCAL_I2C_Master_TX
 .text.MCAL_I2C_Master_RX
                0x0000000008000c30       0xe8 MCAL/I2C/Stm32_F103C6_I2C_driver.o
                0x0000000008000c30                MCAL_I2C_Master_RX
 .text.I2C1_EV_IRQHandler
                0x0000000008000d18       0xf4 MCAL/I2C/Stm32_F103C6_I2C_driver.o
                0x0000000008000d18                I2C1_EV_IRQHandler
 .text.I2C1_ER_IRQHandler
                0x0000000008000e0c        0xc MCAL/I2C/Stm32_F103C6_I2C_driver.o
                0x0000000008000e0c                I2C1_ER_IRQHandler
 .text.I2C2_EV_IRQHandler
                0x0000000008000e18        0xc MCAL/I2C/Stm32_F103C6_I2C_driver.o
                0x0000000008000e18                I2C2_EV_IRQHandler
 .text.I2C2_ER_IRQHandler
                0x0000000008000e24        0xc MCAL/I2C/Stm32_F103C6_I2C_driver.o
                0x0000000008000e24                I2C2_ER_IRQHandler
 .text.MCAL_RCC_GetSYSCLKFreq
                0x0000000008000e30       0x38 MCAL/RCC/Stm32_F103C6_RCC_driver.o
                0x0000000008000e30                MCAL_RCC_GetSYSCLKFreq
 .text.MCAL_RCC_GetHCLKFreq
                0x0000000008000e68       0x28 MCAL/RCC/Stm32_F103C6_RCC_driver.o
                0x0000000008000e68                MCAL_RCC_GetHCLKFreq
 .text.MCAL_RCC_GetPCLK1Freq
                0x0000000008000e90       0x28 MCAL/RCC/Stm32_F103C6_RCC_driver.o
                0x0000000008000e90                MCAL_RCC_GetPCLK1Freq
 .text.SPI1_IRQHandler
                0x0000000008000eb8       0x4c MCAL/SPI/Stm32_F103C6_SPI_driver.o
                0x0000000008000eb8                SPI1_IRQHandler
 .text.SPI2_IRQHandler
                0x0000000008000f04       0x4c MCAL/SPI/Stm32_F103C6_SPI_driver.o
                0x0000000008000f04                SPI2_IRQHandler
 .text.USART1_IRQHandler
                0x0000000008000f50       0x14 MCAL/USART/Stm32_F103C6_USART_driver.o
                0x0000000008000f50                USART1_IRQHandler
 .text.USART2_IRQHandler
                0x0000000008000f64       0x14 MCAL/USART/Stm32_F103C6_USART_driver.o
                0x0000000008000f64                USART2_IRQHandler
 .text.USART3_IRQHandler
                0x0000000008000f78       0x14 MCAL/USART/Stm32_F103C6_USART_driver.o
                0x0000000008000f78                USART3_IRQHandler
 .text.main     0x0000000008000f8c       0x78 Src/main.o
                0x0000000008000f8c                main
 .text.Reset_Handler
                0x0000000008001004       0x50 Startup/startup_stm32f103c6tx.o
                0x0000000008001004                Reset_Handler
 .text.Default_Handler
                0x0000000008001054        0x2 Startup/startup_stm32f103c6tx.o
                0x0000000008001054                TIM8_TRG_COM_IRQHandler
                0x0000000008001054                TIM8_CC_IRQHandler
                0x0000000008001054                DebugMon_Handler
                0x0000000008001054                TIM1_CC_IRQHandler
                0x0000000008001054                HardFault_Handler
                0x0000000008001054                TIM6_IRQHandler
                0x0000000008001054                SysTick_Handler
                0x0000000008001054                PVD_IRQHandler
                0x0000000008001054                SDIO_IRQHandler
                0x0000000008001054                PendSV_Handler
                0x0000000008001054                NMI_Handler
                0x0000000008001054                USB_HP_CAN_TX_IRQHandler
                0x0000000008001054                UsageFault_Handler
                0x0000000008001054                ADC1_2_IRQHandler
                0x0000000008001054                CAN_SCE_IRQHandler
                0x0000000008001054                TAMPER_IRQHandler
                0x0000000008001054                TIM8_UP_IRQHandler
                0x0000000008001054                DMA2_Channel2_IRQHandler
                0x0000000008001054                DMA1_Channel4_IRQHandler
                0x0000000008001054                RTC_IRQHandler
                0x0000000008001054                DMA1_Channel7_IRQHandler
                0x0000000008001054                UART5_IRQHandler
                0x0000000008001054                ADC3_IRQHandler
                0x0000000008001054                TIM4_IRQHandler
                0x0000000008001054                CAN_RX1_IRQHandler
                0x0000000008001054                DMA2_Channel1_IRQHandler
                0x0000000008001054                DMA1_Channel6_IRQHandler
                0x0000000008001054                UART4_IRQHandler
                0x0000000008001054                TIM3_IRQHandler
                0x0000000008001054                RCC_IRQHandler
                0x0000000008001054                TIM1_TRG_COM_IRQHandler
                0x0000000008001054                DMA1_Channel1_IRQHandler
                0x0000000008001054                Default_Handler
                0x0000000008001054                TIM7_IRQHandler
                0x0000000008001054                TIM5_IRQHandler
                0x0000000008001054                USB_LP_CAN_RX0_IRQHandler
                0x0000000008001054                MemManage_Handler
                0x0000000008001054                SVC_Handler
                0x0000000008001054                DMA1_Channel5_IRQHandler
                0x0000000008001054                DMA1_Channel3_IRQHandler
                0x0000000008001054                FSMC_IRQHandler
                0x0000000008001054                TIM1_UP_IRQHandler
                0x0000000008001054                WWDG_IRQHandler
                0x0000000008001054                TIM2_IRQHandler
                0x0000000008001054                TIM1_BRK_IRQHandler
                0x0000000008001054                RTCAlarm_IRQHandler
                0x0000000008001054                DMA2_Channel4_5_IRQHandler
                0x0000000008001054                DMA1_Channel2_IRQHandler
                0x0000000008001054                TIM8_BRK_IRQHandler
                0x0000000008001054                FLASH_IRQHandler
                0x0000000008001054                BusFault_Handler
                0x0000000008001054                SPI3_IRQHandler
                0x0000000008001054                DMA2_Channel3_IRQHandler
 *fill*         0x0000000008001056        0x2 
 .text.__libc_init_array
                0x0000000008001058       0x48 c:/st/stm32cubeide_1.4.0/stm32cubeide/plugins/com.st.stm32cube.ide.mcu.externaltools.gnu-tools-for-stm32.7-2018-q2-update.win32_1.4.0.202007081208/tools/bin/../lib/gcc/arm-none-eabi/7.3.1/../../../../arm-none-eabi/lib/thumb/v7-m\libc_nano.a(lib_a-init.o)
                0x0000000008001058                __libc_init_array
 *(.glue_7)
 .glue_7        0x00000000080010a0        0x0 linker stubs
 *(.glue_7t)
 .glue_7t       0x00000000080010a0        0x0 linker stubs
 *(.eh_frame)
 .eh_frame      0x00000000080010a0        0x0 c:/st/stm32cubeide_1.4.0/stm32cubeide/plugins/com.st.stm32cube.ide.mcu.externaltools.gnu-tools-for-stm32.7-2018-q2-update.win32_1.4.0.202007081208/tools/bin/../lib/gcc/arm-none-eabi/7.3.1/thumb/v7-m/crtbegin.o
 *(.init)
 .init          0x00000000080010a0        0x4 c:/st/stm32cubeide_1.4.0/stm32cubeide/plugins/com.st.stm32cube.ide.mcu.externaltools.gnu-tools-for-stm32.7-2018-q2-update.win32_1.4.0.202007081208/tools/bin/../lib/gcc/arm-none-eabi/7.3.1/thumb/v7-m/crti.o
                0x00000000080010a0                _init
 .init          0x00000000080010a4        0x8 c:/st/stm32cubeide_1.4.0/stm32cubeide/plugins/com.st.stm32cube.ide.mcu.externaltools.gnu-tools-for-stm32.7-2018-q2-update.win32_1.4.0.202007081208/tools/bin/../lib/gcc/arm-none-eabi/7.3.1/thumb/v7-m/crtn.o
 *(.fini)
 .fini          0x00000000080010ac        0x4 c:/st/stm32cubeide_1.4.0/stm32cubeide/plugins/com.st.stm32cube.ide.mcu.externaltools.gnu-tools-for-stm32.7-2018-q2-update.win32_1.4.0.202007081208/tools/bin/../lib/gcc/arm-none-eabi/7.3.1/thumb/v7-m/crti.o
                0x00000000080010ac                _fini
 .fini          0x00000000080010b0        0x8 c:/st/stm32cubeide_1.4.0/stm32cubeide/plugins/com.st.stm32cube.ide.mcu.externaltools.gnu-tools-for-stm32.7-2018-q2-update.win32_1.4.0.202007081208/tools/bin/../lib/gcc/arm-none-eabi/7.3.1/thumb/v7-m/crtn.o
                0x00000000080010b8                . = ALIGN (0x4)
                0x00000000080010b8                _etext = .

.vfp11_veneer   0x00000000080010b8        0x0
 .vfp11_veneer  0x00000000080010b8        0x0 linker stubs

.v4_bx          0x00000000080010b8        0x0
 .v4_bx         0x00000000080010b8        0x0 linker stubs

.iplt           0x00000000080010b8        0x0
 .iplt          0x00000000080010b8        0x0 c:/st/stm32cubeide_1.4.0/stm32cubeide/plugins/com.st.stm32cube.ide.mcu.externaltools.gnu-tools-for-stm32.7-2018-q2-update.win32_1.4.0.202007081208/tools/bin/../lib/gcc/arm-none-eabi/7.3.1/thumb/v7-m/crtbegin.o

.rodata         0x00000000080010b8       0x20
                0x00000000080010b8                . = ALIGN (0x4)
 *(.rodata)
 .rodata        0x00000000080010b8        0x7 Src/main.o
 *(.rodata*)
 *fill*         0x00000000080010bf        0x1 
 .rodata.APBPrescTable
                0x00000000080010c0        0x8 MCAL/RCC/Stm32_F103C6_RCC_driver.o
                0x00000000080010c0                APBPrescTable
 .rodata.AHBPrescTable
                0x00000000080010c8       0x10 MCAL/RCC/Stm32_F103C6_RCC_driver.o
                0x00000000080010c8                AHBPrescTable
                0x00000000080010d8                . = ALIGN (0x4)

.rel.dyn        0x00000000080010d8        0x0
 .rel.iplt      0x00000000080010d8        0x0 c:/st/stm32cubeide_1.4.0/stm32cubeide/plugins/com.st.stm32cube.ide.mcu.externaltools.gnu-tools-for-stm32.7-2018-q2-update.win32_1.4.0.202007081208/tools/bin/../lib/gcc/arm-none-eabi/7.3.1/thumb/v7-m/crtbegin.o

.ARM.extab      0x00000000080010d8        0x0
                0x00000000080010d8                . = ALIGN (0x4)
 *(.ARM.extab* .gnu.linkonce.armextab.*)
                0x00000000080010d8                . = ALIGN (0x4)

.ARM            0x00000000080010d8        0x0
                0x00000000080010d8                . = ALIGN (0x4)
                0x00000000080010d8                __exidx_start = .
 *(.ARM.exidx*)
                0x00000000080010d8                __exidx_end = .
                0x00000000080010d8                . = ALIGN (0x4)

.preinit_array  0x00000000080010d8        0x0
                0x00000000080010d8                . = ALIGN (0x4)
                0x00000000080010d8                PROVIDE (__preinit_array_start = .)
 *(.preinit_array*)
                0x00000000080010d8                PROVIDE (__preinit_array_end = .)
                0x00000000080010d8                . = ALIGN (0x4)

.init_array     0x00000000080010d8        0x4
                0x00000000080010d8                . = ALIGN (0x4)
                0x00000000080010d8                PROVIDE (__init_array_start = .)
 *(SORT_BY_NAME(.init_array.*))
 *(.init_array*)
 .init_array    0x00000000080010d8        0x4 c:/st/stm32cubeide_1.4.0/stm32cubeide/plugins/com.st.stm32cube.ide.mcu.externaltools.gnu-tools-for-stm32.7-2018-q2-update.win32_1.4.0.202007081208/tools/bin/../lib/gcc/arm-none-eabi/7.3.1/thumb/v7-m/crtbegin.o
                0x00000000080010dc                PROVIDE (__init_array_end = .)
                0x00000000080010dc                . = ALIGN (0x4)

.fini_array     0x00000000080010dc        0x4
                0x00000000080010dc                . = ALIGN (0x4)
                [!provide]                        PROVIDE (__fini_array_start = .)
 *(SORT_BY_NAME(.fini_array.*))
 *(.fini_array*)
 .fini_array    0x00000000080010dc        0x4 c:/st/stm32cubeide_1.4.0/stm32cubeide/plugins/com.st.stm32cube.ide.mcu.externaltools.gnu-tools-for-stm32.7-2018-q2-update.win32_1.4.0.202007081208/tools/bin/../lib/gcc/arm-none-eabi/7.3.1/thumb/v7-m/crtbegin.o
                [!provide]                        PROVIDE (__fini_array_end = .)
                0x00000000080010e0                . = ALIGN (0x4)
                0x00000000080010e0                _sidata = LOADADDR (.data)

.data           0x0000000020000000        0x0 load address 0x00000000080010e0
                0x0000000020000000                . = ALIGN (0x4)
                0x0000000020000000                _sdata = .
 *(.data)
 *(.data*)
                0x0000000020000000                . = ALIGN (0x4)
                0x0000000020000000                _edata = .

.igot.plt       0x0000000020000000        0x0 load address 0x00000000080010e0
 .igot.plt      0x0000000020000000        0x0 c:/st/stm32cubeide_1.4.0/stm32cubeide/plugins/com.st.stm32cube.ide.mcu.externaltools.gnu-tools-for-stm32.7-2018-q2-update.win32_1.4.0.202007081208/tools/bin/../lib/gcc/arm-none-eabi/7.3.1/thumb/v7-m/crtbegin.o
                0x0000000020000000                . = ALIGN (0x4)

.bss            0x0000000020000000       0xb4 load address 0x00000000080010e0
                0x0000000020000000                _sbss = .
                0x0000000020000000                __bss_start__ = _sbss
 *(.bss)
 .bss           0x0000000020000000       0x1c c:/st/stm32cubeide_1.4.0/stm32cubeide/plugins/com.st.stm32cube.ide.mcu.externaltools.gnu-tools-for-stm32.7-2018-q2-update.win32_1.4.0.202007081208/tools/bin/../lib/gcc/arm-none-eabi/7.3.1/thumb/v7-m/crtbegin.o
 *(.bss*)
 .bss.Global_I2C_Config
                0x000000002000001c       0x48 MCAL/I2C/Stm32_F103C6_I2C_driver.o
                0x000000002000001c                Global_I2C_Config
 .bss.Global_SPI_Config
                0x0000000020000064        0x8 MCAL/SPI/Stm32_F103C6_SPI_driver.o
                0x0000000020000064                Global_SPI_Config
 .bss.Global_USART_Config
                0x000000002000006c        0xc MCAL/USART/Stm32_F103C6_USART_driver.o
                0x000000002000006c                Global_USART_Config
 *(COMMON)
 COMMON         0x0000000020000078       0x3c MCAL/EXTI/Stm32_F103C6_EXTI_driver.o
                0x0000000020000078                GP_IRQ_CallBack
                0x00000000200000b4                . = ALIGN (0x4)
                0x00000000200000b4                _ebss = .
                0x00000000200000b4                __bss_end__ = _ebss

._user_heap_stack
                0x00000000200000b4      0x604 load address 0x00000000080010e0
                0x00000000200000b8                . = ALIGN (0x8)
 *fill*         0x00000000200000b4        0x4 
                [!provide]                        PROVIDE (end = .)
                0x00000000200000b8                PROVIDE (_end = .)
                0x00000000200002b8                . = (. + _Min_Heap_Size)
 *fill*         0x00000000200000b8      0x200 
                0x00000000200006b8                . = (. + _Min_Stack_Size)
 *fill*         0x00000000200002b8      0x400 
                0x00000000200006b8                . = ALIGN (0x8)

/DISCARD/
 libc.a(*)
 libm.a(*)
 libgcc.a(*)

.ARM.attributes
                0x0000000000000000       0x29
 *(.ARM.attributes)
 .ARM.attributes
                0x0000000000000000       0x1d c:/st/stm32cubeide_1.4.0/stm32cubeide/plugins/com.st.stm32cube.ide.mcu.externaltools.gnu-tools-for-stm32.7-2018-q2-update.win32_1.4.0.202007081208/tools/bin/../lib/gcc/arm-none-eabi/7.3.1/thumb/v7-m/crti.o
 .ARM.attributes
                0x000000000000001d       0x2d c:/st/stm32cubeide_1.4.0/stm32cubeide/plugins/com.st.stm32cube.ide.mcu.externaltools.gnu-tools-for-stm32.7-2018-q2-update.win32_1.4.0.202007081208/tools/bin/../lib/gcc/arm-none-eabi/7.3.1/thumb/v7-m/crtbegin.o
 .ARM.attributes
                0x000000000000004a       0x33 HAL/I2C_Slave_EEPROM.o
 .ARM.attributes
                0x000000000000007d       0x33 MCAL/EXTI/Stm32_F103C6_EXTI_driver.o
 .ARM.attributes
                0x00000000000000b0       0x33 MCAL/GPIO/Stm32_F103C6_gpio_driver.o
 .ARM.attributes
                0x00000000000000e3       0x33 MCAL/I2C/Stm32_F103C6_I2C_driver.o
 .ARM.attributes
                0x0000000000000116       0x33 MCAL/RCC/Stm32_F103C6_RCC_driver.o
 .ARM.attributes
                0x0000000000000149       0x33 MCAL/SPI/Stm32_F103C6_SPI_driver.o
 .ARM.attributes
                0x000000000000017c       0x33 MCAL/USART/Stm32_F103C6_USART_driver.o
 .ARM.attributes
                0x00000000000001af       0x33 Src/main.o
 .ARM.attributes
                0x00000000000001e2       0x21 Startup/startup_stm32f103c6tx.o
 .ARM.attributes
                0x0000000000000203       0x2d c:/st/stm32cubeide_1.4.0/stm32cubeide/plugins/com.st.stm32cube.ide.mcu.externaltools.gnu-tools-for-stm32.7-2018-q2-update.win32_1.4.0.202007081208/tools/bin/../lib/gcc/arm-none-eabi/7.3.1/../../../../arm-none-eabi/lib/thumb/v7-m\libc_nano.a(lib_a-init.o)
 .ARM.attributes
                0x0000000000000230       0x1d c:/st/stm32cubeide_1.4.0/stm32cubeide/plugins/com.st.stm32cube.ide.mcu.externaltools.gnu-tools-for-stm32.7-2018-q2-update.win32_1.4.0.202007081208/tools/bin/../lib/gcc/arm-none-eabi/7.3.1/thumb/v7-m/crtn.o
OUTPUT(Drivers_STM32F103C6.elf elf32-littlearm)

.debug_info     0x0000000000000000     0x6f74
 .debug_info    0x0000000000000000      0xc92 HAL/I2C_Slave_EEPROM.o
 .debug_info    0x0000000000000c92      0xdbf MCAL/EXTI/Stm32_F103C6_EXTI_driver.o
 .debug_info    0x0000000000001a51      0xd5d MCAL/GPIO/Stm32_F103C6_gpio_driver.o
 .debug_info    0x00000000000027ae     0x1268 MCAL/I2C/Stm32_F103C6_I2C_driver.o
 .debug_info    0x0000000000003a16      0xb09 MCAL/RCC/Stm32_F103C6_RCC_driver.o
 .debug_info    0x000000000000451f      0xf01 MCAL/SPI/Stm32_F103C6_SPI_driver.o
 .debug_info    0x0000000000005420      0xe2d MCAL/USART/Stm32_F103C6_USART_driver.o
 .debug_info    0x000000000000624d      0xd05 Src/main.o
 .debug_info    0x0000000000006f52       0x22 Startup/startup_stm32f103c6tx.o

.debug_abbrev   0x0000000000000000     0x1152
 .debug_abbrev  0x0000000000000000      0x1d1 HAL/I2C_Slave_EEPROM.o
 .debug_abbrev  0x00000000000001d1      0x210 MCAL/EXTI/Stm32_F103C6_EXTI_driver.o
 .debug_abbrev  0x00000000000003e1      0x232 MCAL/GPIO/Stm32_F103C6_gpio_driver.o
 .debug_abbrev  0x0000000000000613      0x2ae MCAL/I2C/Stm32_F103C6_I2C_driver.o
 .debug_abbrev  0x00000000000008c1      0x19b MCAL/RCC/Stm32_F103C6_RCC_driver.o
 .debug_abbrev  0x0000000000000a5c      0x269 MCAL/SPI/Stm32_F103C6_SPI_driver.o
 .debug_abbrev  0x0000000000000cc5      0x24c MCAL/USART/Stm32_F103C6_USART_driver.o
 .debug_abbrev  0x0000000000000f11      0x22f Src/main.o
 .debug_abbrev  0x0000000000001140       0x12 Startup/startup_stm32f103c6tx.o

.debug_loc      0x0000000000000000     0x1382
 .debug_loc     0x0000000000000000       0xf2 HAL/I2C_Slave_EEPROM.o
 .debug_loc     0x00000000000000f2      0x320 MCAL/EXTI/Stm32_F103C6_EXTI_driver.o
 .debug_loc     0x0000000000000412      0x330 MCAL/GPIO/Stm32_F103C6_gpio_driver.o
 .debug_loc     0x0000000000000742      0x530 MCAL/I2C/Stm32_F103C6_I2C_driver.o
 .debug_loc     0x0000000000000c72       0xc8 MCAL/RCC/Stm32_F103C6_RCC_driver.o
 .debug_loc     0x0000000000000d3a      0x2b0 MCAL/SPI/Stm32_F103C6_SPI_driver.o
 .debug_loc     0x0000000000000fea      0x294 MCAL/USART/Stm32_F103C6_USART_driver.o
 .debug_loc     0x000000000000127e      0x104 Src/main.o

.debug_aranges  0x0000000000000000      0x2f8
 .debug_aranges
                0x0000000000000000       0x30 HAL/I2C_Slave_EEPROM.o
 .debug_aranges
                0x0000000000000030       0x80 MCAL/EXTI/Stm32_F103C6_EXTI_driver.o
 .debug_aranges
                0x00000000000000b0       0x60 MCAL/GPIO/Stm32_F103C6_gpio_driver.o
 .debug_aranges
                0x0000000000000110       0x98 MCAL/I2C/Stm32_F103C6_I2C_driver.o
 .debug_aranges
                0x00000000000001a8       0x38 MCAL/RCC/Stm32_F103C6_RCC_driver.o
 .debug_aranges
                0x00000000000001e0       0x58 MCAL/SPI/Stm32_F103C6_SPI_driver.o
 .debug_aranges
                0x0000000000000238       0x60 MCAL/USART/Stm32_F103C6_USART_driver.o
 .debug_aranges
                0x0000000000000298       0x38 Src/main.o
 .debug_aranges
                0x00000000000002d0       0x28 Startup/startup_stm32f103c6tx.o

.debug_ranges   0x0000000000000000      0x270
 .debug_ranges  0x0000000000000000       0x20 HAL/I2C_Slave_EEPROM.o
 .debug_ranges  0x0000000000000020       0x70 MCAL/EXTI/Stm32_F103C6_EXTI_driver.o
 .debug_ranges  0x0000000000000090       0x50 MCAL/GPIO/Stm32_F103C6_gpio_driver.o
 .debug_ranges  0x00000000000000e0       0x88 MCAL/I2C/Stm32_F103C6_I2C_driver.o
 .debug_ranges  0x0000000000000168       0x28 MCAL/RCC/Stm32_F103C6_RCC_driver.o
 .debug_ranges  0x0000000000000190       0x48 MCAL/SPI/Stm32_F103C6_SPI_driver.o
 .debug_ranges  0x00000000000001d8       0x50 MCAL/USART/Stm32_F103C6_USART_driver.o
 .debug_ranges  0x0000000000000228       0x28 Src/main.o
 .debug_ranges  0x0000000000000250       0x20 Startup/startup_stm32f103c6tx.o

.debug_macro    0x0000000000000000     0x396a
 .debug_macro   0x0000000000000000      0x226 HAL/I2C_Slave_EEPROM.o
 .debug_macro   0x0000000000000226      0xa60 HAL/I2C_Slave_EEPROM.o
 .debug_macro   0x0000000000000c86       0x18 HAL/I2C_Slave_EEPROM.o
 .debug_macro   0x0000000000000c9e       0x22 HAL/I2C_Slave_EEPROM.o
 .debug_macro   0x0000000000000cc0       0x40 HAL/I2C_Slave_EEPROM.o
 .debug_macro   0x0000000000000d00       0x94 HAL/I2C_Slave_EEPROM.o
 .debug_macro   0x0000000000000d94       0x3c HAL/I2C_Slave_EEPROM.o
 .debug_macro   0x0000000000000dd0       0x34 HAL/I2C_Slave_EEPROM.o
 .debug_macro   0x0000000000000e04       0x16 HAL/I2C_Slave_EEPROM.o
 .debug_macro   0x0000000000000e1a      0x10e HAL/I2C_Slave_EEPROM.o
 .debug_macro   0x0000000000000f28       0x8d HAL/I2C_Slave_EEPROM.o
 .debug_macro   0x0000000000000fb5       0x57 HAL/I2C_Slave_EEPROM.o
 .debug_macro   0x000000000000100c       0x52 HAL/I2C_Slave_EEPROM.o
 .debug_macro   0x000000000000105e       0x1f HAL/I2C_Slave_EEPROM.o
 .debug_macro   0x000000000000107d       0x43 HAL/I2C_Slave_EEPROM.o
 .debug_macro   0x00000000000010c0       0x20 HAL/I2C_Slave_EEPROM.o
 .debug_macro   0x00000000000010e0      0x1a3 HAL/I2C_Slave_EEPROM.o
 .debug_macro   0x0000000000001283      0x330 HAL/I2C_Slave_EEPROM.o
 .debug_macro   0x00000000000015b3       0x16 HAL/I2C_Slave_EEPROM.o
 .debug_macro   0x00000000000015c9       0x29 HAL/I2C_Slave_EEPROM.o
 .debug_macro   0x00000000000015f2       0xef HAL/I2C_Slave_EEPROM.o
 .debug_macro   0x00000000000016e1       0x6a HAL/I2C_Slave_EEPROM.o
 .debug_macro   0x000000000000174b      0x1df HAL/I2C_Slave_EEPROM.o
 .debug_macro   0x000000000000192a       0x1c HAL/I2C_Slave_EEPROM.o
 .debug_macro   0x0000000000001946       0x35 HAL/I2C_Slave_EEPROM.o
 .debug_macro   0x000000000000197b       0x10 HAL/I2C_Slave_EEPROM.o
 .debug_macro   0x000000000000198b       0x10 HAL/I2C_Slave_EEPROM.o
 .debug_macro   0x000000000000199b       0x1c HAL/I2C_Slave_EEPROM.o
 .debug_macro   0x00000000000019b7       0x52 HAL/I2C_Slave_EEPROM.o
 .debug_macro   0x0000000000001a09       0x40 HAL/I2C_Slave_EEPROM.o
 .debug_macro   0x0000000000001a49       0x10 HAL/I2C_Slave_EEPROM.o
 .debug_macro   0x0000000000001a59       0x40 HAL/I2C_Slave_EEPROM.o
 .debug_macro   0x0000000000001a99       0xd7 HAL/I2C_Slave_EEPROM.o
 .debug_macro   0x0000000000001b70       0x1c HAL/I2C_Slave_EEPROM.o
 .debug_macro   0x0000000000001b8c       0x3d HAL/I2C_Slave_EEPROM.o
 .debug_macro   0x0000000000001bc9       0x16 HAL/I2C_Slave_EEPROM.o
 .debug_macro   0x0000000000001bdf      0x145 HAL/I2C_Slave_EEPROM.o
 .debug_macro   0x0000000000001d24      0x6b8 HAL/I2C_Slave_EEPROM.o
 .debug_macro   0x00000000000023dc       0xd6 HAL/I2C_Slave_EEPROM.o
 .debug_macro   0x00000000000024b2       0x16 HAL/I2C_Slave_EEPROM.o
 .debug_macro   0x00000000000024c8       0x60 HAL/I2C_Slave_EEPROM.o
 .debug_macro   0x0000000000002528      0x21d MCAL/EXTI/Stm32_F103C6_EXTI_driver.o
 .debug_macro   0x0000000000002745      0x227 MCAL/EXTI/Stm32_F103C6_EXTI_driver.o
 .debug_macro   0x000000000000296c      0x204 MCAL/GPIO/Stm32_F103C6_gpio_driver.o
 .debug_macro   0x0000000000002b70      0x22c MCAL/I2C/Stm32_F103C6_I2C_driver.o
 .debug_macro   0x0000000000002d9c      0x217 MCAL/RCC/Stm32_F103C6_RCC_driver.o
 .debug_macro   0x0000000000002fb3       0x10 MCAL/RCC/Stm32_F103C6_RCC_driver.o
 .debug_macro   0x0000000000002fc3      0x238 MCAL/SPI/Stm32_F103C6_SPI_driver.o
 .debug_macro   0x00000000000031fb       0xcd MCAL/SPI/Stm32_F103C6_SPI_driver.o
 .debug_macro   0x00000000000032c8      0x220 MCAL/USART/Stm32_F103C6_USART_driver.o
 .debug_macro   0x00000000000034e8       0xe5 MCAL/USART/Stm32_F103C6_USART_driver.o
 .debug_macro   0x00000000000035cd      0x254 Src/main.o
 .debug_macro   0x0000000000003821       0xd3 Src/main.o
 .debug_macro   0x00000000000038f4       0x66 Src/main.o
 .debug_macro   0x000000000000395a       0x10 Src/main.o

.debug_line     0x0000000000000000     0x3ba3
 .debug_line    0x0000000000000000      0x6e0 HAL/I2C_Slave_EEPROM.o
 .debug_line    0x00000000000006e0      0x7e3 MCAL/EXTI/Stm32_F103C6_EXTI_driver.o
 .debug_line    0x0000000000000ec3      0x71a MCAL/GPIO/Stm32_F103C6_gpio_driver.o
 .debug_line    0x00000000000015dd      0x8a8 MCAL/I2C/Stm32_F103C6_I2C_driver.o
 .debug_line    0x0000000000001e85      0x669 MCAL/RCC/Stm32_F103C6_RCC_driver.o
 .debug_line    0x00000000000024ee      0x764 MCAL/SPI/Stm32_F103C6_SPI_driver.o
 .debug_line    0x0000000000002c52      0x797 MCAL/USART/Stm32_F103C6_USART_driver.o
 .debug_line    0x00000000000033e9      0x736 Src/main.o
 .debug_line    0x0000000000003b1f       0x84 Startup/startup_stm32f103c6tx.o

.debug_str      0x0000000000000000     0xd385
 .debug_str     0x0000000000000000     0xa9ed HAL/I2C_Slave_EEPROM.o
                                       0xac62 (size before relaxing)
 .debug_str     0x000000000000a9ed     0x1558 MCAL/EXTI/Stm32_F103C6_EXTI_driver.o
                                       0xbca3 (size before relaxing)
 .debug_str     0x000000000000bf45      0x144 MCAL/GPIO/Stm32_F103C6_gpio_driver.o
                                       0xa8e8 (size before relaxing)
 .debug_str     0x000000000000c089      0x2b1 MCAL/I2C/Stm32_F103C6_I2C_driver.o
                                       0xaf42 (size before relaxing)
 .debug_str     0x000000000000c33a       0x9a MCAL/RCC/Stm32_F103C6_RCC_driver.o
                                       0xa85c (size before relaxing)
 .debug_str     0x000000000000c3d4      0x766 MCAL/SPI/Stm32_F103C6_SPI_driver.o
                                       0xafb0 (size before relaxing)
 .debug_str     0x000000000000cb3a      0x7c5 MCAL/USART/Stm32_F103C6_USART_driver.o
                                       0xb03d (size before relaxing)
 .debug_str     0x000000000000d2ff       0x55 Src/main.o
                                       0xc916 (size before relaxing)
 .debug_str     0x000000000000d354       0x31 Startup/startup_stm32f103c6tx.o
                                         0x76 (size before relaxing)

.comment        0x0000000000000000       0x7b
 .comment       0x0000000000000000       0x7b HAL/I2C_Slave_EEPROM.o
                                         0x7c (size before relaxing)
 .comment       0x000000000000007b       0x7c MCAL/EXTI/Stm32_F103C6_EXTI_driver.o
 .comment       0x000000000000007b       0x7c MCAL/GPIO/Stm32_F103C6_gpio_driver.o
 .comment       0x000000000000007b       0x7c MCAL/I2C/Stm32_F103C6_I2C_driver.o
 .comment       0x000000000000007b       0x7c MCAL/RCC/Stm32_F103C6_RCC_driver.o
 .comment       0x000000000000007b       0x7c MCAL/SPI/Stm32_F103C6_SPI_driver.o
 .comment       0x000000000000007b       0x7c MCAL/USART/Stm32_F103C6_USART_driver.o
 .comment       0x000000000000007b       0x7c Src/main.o

.debug_frame    0x0000000000000000      0x9e0
 .debug_frame   0x0000000000000000       0x80 HAL/I2C_Slave_EEPROM.o
 .debug_frame   0x0000000000000080      0x1b0 MCAL/EXTI/Stm32_F103C6_EXTI_driver.o
 .debug_frame   0x0000000000000230      0x178 MCAL/GPIO/Stm32_F103C6_gpio_driver.o
 .debug_frame   0x00000000000003a8      0x264 MCAL/I2C/Stm32_F103C6_I2C_driver.o
 .debug_frame   0x000000000000060c       0x84 MCAL/RCC/Stm32_F103C6_RCC_driver.o
 .debug_frame   0x0000000000000690      0x144 MCAL/SPI/Stm32_F103C6_SPI_driver.o
 .debug_frame   0x00000000000007d4      0x14c MCAL/USART/Stm32_F103C6_USART_driver.o
 .debug_frame   0x0000000000000920       0x94 Src/main.o
 .debug_frame   0x00000000000009b4       0x2c c:/st/stm32cubeide_1.4.0/stm32cubeide/plugins/com.st.stm32cube.ide.mcu.externaltools.gnu-tools-for-stm32.7-2018-q2-update.win32_1.4.0.202007081208/tools/bin/../lib/gcc/arm-none-eabi/7.3.1/../../../../arm-none-eabi/lib/thumb/v7-m\libc_nano.a(lib_a-init.o)
