
Memory Configuration

Name             Origin             Length             Attributes
flash            0x0000000008000000 0x0000000000020000 xr
sram             0x0000000020000000 0x0000000000005000 xrw
*default*        0x0000000000000000 0xffffffffffffffff

Linker script and memory map


.text           0x0000000008000000       0xb3
 *(.vectors*)
 .vectors       0x0000000008000000       0x1c startup.o
                0x0000000008000000                vectors
 *(.text*)
 .text          0x000000000800001c       0x7c main.o
                0x000000000800001c                main
 .text          0x0000000008000098       0x18 startup.o
                0x0000000008000098                H_Fault_Handler
                0x0000000008000098                MM_Fault_Handler
                0x0000000008000098                Usage_Fault_Handler
                0x0000000008000098                Bus_Fault
                0x0000000008000098                Default_Handler
                0x0000000008000098                NMI_Handler
                0x00000000080000a4                Reset_Handler
 *(.rodata)
 .rodata        0x00000000080000b0        0x3 main.o
                0x00000000080000b0                const_variables
                0x00000000080000b3                _E_text = .

.glue_7         0x00000000080000b4        0x0
 .glue_7        0x00000000080000b4        0x0 linker stubs

.glue_7t        0x00000000080000b4        0x0
 .glue_7t       0x00000000080000b4        0x0 linker stubs

.vfp11_veneer   0x00000000080000b4        0x0
 .vfp11_veneer  0x00000000080000b4        0x0 linker stubs

.v4_bx          0x00000000080000b4        0x0
 .v4_bx         0x00000000080000b4        0x0 linker stubs

.iplt           0x00000000080000b4        0x0
 .iplt          0x00000000080000b4        0x0 main.o

.rel.dyn        0x00000000080000b4        0x0
 .rel.iplt      0x00000000080000b4        0x0 main.o

.data           0x00000000080000b4        0x7
                0x00000000080000b4                __text = .
 *(.data)
 .data          0x00000000080000b4        0x7 main.o
                0x00000000080000b4                R_ODR
                0x00000000080000b8                g_variables
 .data          0x00000000080000bb        0x0 startup.o

.igot.plt       0x00000000080000bc        0x0
 .igot.plt      0x00000000080000bc        0x0 main.o

.bss            0x0000000020000000        0x0
 *(.bss)
 .bss           0x0000000020000000        0x0 main.o
 .bss           0x0000000020000000        0x0 startup.o
LOAD main.o
LOAD startup.o
OUTPUT(learn-in-depth_cortex_m3.elf elf32-littlearm)

.comment        0x0000000000000000       0x7b
 .comment       0x0000000000000000       0x7b main.o
                                         0x7c (size before relaxing)
 .comment       0x000000000000007b       0x7c startup.o

.ARM.attributes
                0x0000000000000000       0x33
 .ARM.attributes
                0x0000000000000000       0x33 main.o
 .ARM.attributes
                0x0000000000000033       0x33 startup.o
