Stm32_F103C6_EXTI_driver.c:47:6:Enable_NVIC	16	static
Stm32_F103C6_EXTI_driver.c:85:6:Disable_NVIC	16	static
Stm32_F103C6_EXTI_driver.c:123:6:EXTI_Update	24	static
Stm32_F103C6_EXTI_driver.c:204:6:MCAL_EXTI_GPIO_DeInit	4	static
Stm32_F103C6_EXTI_driver.c:233:6:MCAL_EXTI_GPIO_Init	16	static
Stm32_F103C6_EXTI_driver.c:247:6:MCAL_EXTI_GPIO_Update	16	static
Stm32_F103C6_EXTI_driver.c:260:6:EXTI0_IRQHandler	8	static
Stm32_F103C6_EXTI_driver.c:268:6:EXTI1_IRQHandler	8	static
Stm32_F103C6_EXTI_driver.c:276:6:EXTI2_IRQHandler	8	static
Stm32_F103C6_EXTI_driver.c:284:6:EXTI3_IRQHandler	8	static
Stm32_F103C6_EXTI_driver.c:292:6:EXTI4_IRQHandler	8	static
Stm32_F103C6_EXTI_driver.c:300:6:EXTI9_5_IRQHandler	8	static
Stm32_F103C6_EXTI_driver.c:309:6:EXTI15_10_IRQHandler	8	static
